Archive member included to satisfy reference by file (symbol)

d:/stm32/ac6/systemworkbench/plugins/fr.ac6.mcu.externaltools.arm-none.win32_1.16.0.201807130628/tools/compiler/bin/../lib/gcc/arm-none-eabi/7.2.1/thumb/v6-m\libgcc.a(_udivsi3.o)
                              Drivers/STM32F0xx_HAL_Driver/Src/stm32f0xx_hal.o (__aeabi_uidiv)
d:/stm32/ac6/systemworkbench/plugins/fr.ac6.mcu.externaltools.arm-none.win32_1.16.0.201807130628/tools/compiler/bin/../lib/gcc/arm-none-eabi/7.2.1/thumb/v6-m\libgcc.a(_dvmd_tls.o)
                              d:/stm32/ac6/systemworkbench/plugins/fr.ac6.mcu.externaltools.arm-none.win32_1.16.0.201807130628/tools/compiler/bin/../lib/gcc/arm-none-eabi/7.2.1/thumb/v6-m\libgcc.a(_udivsi3.o) (__aeabi_idiv0)
d:/stm32/ac6/systemworkbench/plugins/fr.ac6.mcu.externaltools.arm-none.win32_1.16.0.201807130628/tools/compiler/bin/../lib/gcc/arm-none-eabi/7.2.1/../../../../arm-none-eabi/lib/thumb/v6-m\libc_nano.a(lib_a-exit.o)
                              d:/stm32/ac6/systemworkbench/plugins/fr.ac6.mcu.externaltools.arm-none.win32_1.16.0.201807130628/tools/compiler/bin/../lib/gcc/arm-none-eabi/7.2.1/../../../../arm-none-eabi/lib/thumb/v6-m/crt0.o (exit)
d:/stm32/ac6/systemworkbench/plugins/fr.ac6.mcu.externaltools.arm-none.win32_1.16.0.201807130628/tools/compiler/bin/../lib/gcc/arm-none-eabi/7.2.1/../../../../arm-none-eabi/lib/thumb/v6-m\libc_nano.a(lib_a-impure.o)
                              d:/stm32/ac6/systemworkbench/plugins/fr.ac6.mcu.externaltools.arm-none.win32_1.16.0.201807130628/tools/compiler/bin/../lib/gcc/arm-none-eabi/7.2.1/../../../../arm-none-eabi/lib/thumb/v6-m\libc_nano.a(lib_a-exit.o) (_global_impure_ptr)
d:/stm32/ac6/systemworkbench/plugins/fr.ac6.mcu.externaltools.arm-none.win32_1.16.0.201807130628/tools/compiler/bin/../lib/gcc/arm-none-eabi/7.2.1/../../../../arm-none-eabi/lib/thumb/v6-m\libc_nano.a(lib_a-init.o)
                              d:/stm32/ac6/systemworkbench/plugins/fr.ac6.mcu.externaltools.arm-none.win32_1.16.0.201807130628/tools/compiler/bin/../lib/gcc/arm-none-eabi/7.2.1/../../../../arm-none-eabi/lib/thumb/v6-m/crt0.o (__libc_init_array)
d:/stm32/ac6/systemworkbench/plugins/fr.ac6.mcu.externaltools.arm-none.win32_1.16.0.201807130628/tools/compiler/bin/../lib/gcc/arm-none-eabi/7.2.1/../../../../arm-none-eabi/lib/thumb/v6-m\libc_nano.a(lib_a-memcmp.o)
                              Src/main.o (memcmp)
d:/stm32/ac6/systemworkbench/plugins/fr.ac6.mcu.externaltools.arm-none.win32_1.16.0.201807130628/tools/compiler/bin/../lib/gcc/arm-none-eabi/7.2.1/../../../../arm-none-eabi/lib/thumb/v6-m\libc_nano.a(lib_a-memcpy-stub.o)
                              Src/main.o (memcpy)
d:/stm32/ac6/systemworkbench/plugins/fr.ac6.mcu.externaltools.arm-none.win32_1.16.0.201807130628/tools/compiler/bin/../lib/gcc/arm-none-eabi/7.2.1/../../../../arm-none-eabi/lib/thumb/v6-m\libc_nano.a(lib_a-memset.o)
                              d:/stm32/ac6/systemworkbench/plugins/fr.ac6.mcu.externaltools.arm-none.win32_1.16.0.201807130628/tools/compiler/bin/../lib/gcc/arm-none-eabi/7.2.1/../../../../arm-none-eabi/lib/thumb/v6-m/crt0.o (memset)
d:/stm32/ac6/systemworkbench/plugins/fr.ac6.mcu.externaltools.arm-none.win32_1.16.0.201807130628/tools/compiler/bin/../lib/gcc/arm-none-eabi/7.2.1/../../../../arm-none-eabi/lib/thumb/v6-m\libc_nano.a(lib_a-strlen.o)
                              Src/main.o (strlen)
d:/stm32/ac6/systemworkbench/plugins/fr.ac6.mcu.externaltools.arm-none.win32_1.16.0.201807130628/tools/compiler/bin/../lib/gcc/arm-none-eabi/7.2.1/../../../../arm-none-eabi/lib/thumb/v6-m\libnosys.a(_exit.o)
                              d:/stm32/ac6/systemworkbench/plugins/fr.ac6.mcu.externaltools.arm-none.win32_1.16.0.201807130628/tools/compiler/bin/../lib/gcc/arm-none-eabi/7.2.1/../../../../arm-none-eabi/lib/thumb/v6-m\libc_nano.a(lib_a-exit.o) (_exit)

Allocating common symbols
Common symbol       size              file

uwTick              0x4               Drivers/STM32F0xx_HAL_Driver/Src/stm32f0xx_hal.o
pFlash              0x20              Drivers/STM32F0xx_HAL_Driver/Src/stm32f0xx_hal_flash.o
ctx                 0xf0              Src/main.o
huart1              0x70              Src/main.o
checkPassword_passwdSHA2
                    0x20              Src/main.o
checkPassword_pos   0x1               Src/main.o
dataFlashMem        0x22c             Src/main.o

Discarded input sections

 .text          0x00000000        0x0 d:/stm32/ac6/systemworkbench/plugins/fr.ac6.mcu.externaltools.arm-none.win32_1.16.0.201807130628/tools/compiler/bin/../lib/gcc/arm-none-eabi/7.2.1/thumb/v6-m/crti.o
 .data          0x00000000        0x0 d:/stm32/ac6/systemworkbench/plugins/fr.ac6.mcu.externaltools.arm-none.win32_1.16.0.201807130628/tools/compiler/bin/../lib/gcc/arm-none-eabi/7.2.1/thumb/v6-m/crti.o
[...]
Memory Configuration

Name             Origin             Length             Attributes
RAM              0x20000000         0x00002000         xrw
FLASH            0x08000000         0x00010000         xr
*default*        0x00000000         0xffffffff

Linker script and memory map

LOAD d:/stm32/ac6/systemworkbench/plugins/fr.ac6.mcu.externaltools.arm-none.win32_1.16.0.201807130628/tools/compiler/bin/../lib/gcc/arm-none-eabi/7.2.1/thumb/v6-m/crti.o
LOAD d:/stm32/ac6/systemworkbench/plugins/fr.ac6.mcu.externaltools.arm-none.win32_1.16.0.201807130628/tools/compiler/bin/../lib/gcc/arm-none-eabi/7.2.1/thumb/v6-m/crtbegin.o
LOAD d:/stm32/ac6/systemworkbench/plugins/fr.ac6.mcu.externaltools.arm-none.win32_1.16.0.201807130628/tools/compiler/bin/../lib/gcc/arm-none-eabi/7.2.1/../../../../arm-none-eabi/lib/thumb/v6-m/crt0.o
LOAD Drivers/STM32F0xx_HAL_Driver/Src/stm32f0xx_hal.o
LOAD Drivers/STM32F0xx_HAL_Driver/Src/stm32f0xx_hal_cortex.o
LOAD Drivers/STM32F0xx_HAL_Driver/Src/stm32f0xx_hal_dma.o
LOAD Drivers/STM32F0xx_HAL_Driver/Src/stm32f0xx_hal_flash.o
LOAD Drivers/STM32F0xx_HAL_Driver/Src/stm32f0xx_hal_flash_ex.o
LOAD Drivers/STM32F0xx_HAL_Driver/Src/stm32f0xx_hal_gpio.o
LOAD Drivers/STM32F0xx_HAL_Driver/Src/stm32f0xx_hal_i2c.o
LOAD Drivers/STM32F0xx_HAL_Driver/Src/stm32f0xx_hal_i2c_ex.o
LOAD Drivers/STM32F0xx_HAL_Driver/Src/stm32f0xx_hal_pwr.o
LOAD Drivers/STM32F0xx_HAL_Driver/Src/stm32f0xx_hal_pwr_ex.o
LOAD Drivers/STM32F0xx_HAL_Driver/Src/stm32f0xx_hal_rcc.o
LOAD Drivers/STM32F0xx_HAL_Driver/Src/stm32f0xx_hal_rcc_ex.o
LOAD Drivers/STM32F0xx_HAL_Driver/Src/stm32f0xx_hal_tim.o
LOAD Drivers/STM32F0xx_HAL_Driver/Src/stm32f0xx_hal_tim_ex.o
LOAD Drivers/STM32F0xx_HAL_Driver/Src/stm32f0xx_hal_uart.o
LOAD Drivers/STM32F0xx_HAL_Driver/Src/stm32f0xx_hal_uart_ex.o
LOAD Src/aes.o
LOAD Src/main.o
LOAD Src/sha-256.o
LOAD Src/stm32f0xx_hal_msp.o
LOAD Src/stm32f0xx_it.o
LOAD Src/system_stm32f0xx.o
LOAD startup/startup_stm32f030x8.o
LOAD d:/stm32/ac6/systemworkbench/plugins/fr.ac6.mcu.externaltools.arm-none.win32_1.16.0.201807130628/tools/compiler/bin/../lib/gcc/arm-none-eabi/7.2.1/../../../../arm-none-eabi/lib/thumb/v6-m\libm.a
START GROUP
LOAD d:/stm32/ac6/systemworkbench/plugins/fr.ac6.mcu.externaltools.arm-none.win32_1.16.0.201807130628/tools/compiler/bin/../lib/gcc/arm-none-eabi/7.2.1/thumb/v6-m\libgcc.a
LOAD d:/stm32/ac6/systemworkbench/plugins/fr.ac6.mcu.externaltools.arm-none.win32_1.16.0.201807130628/tools/compiler/bin/../lib/gcc/arm-none-eabi/7.2.1/../../../../arm-none-eabi/lib/thumb/v6-m\libc_nano.a
END GROUP
START GROUP
LOAD d:/stm32/ac6/systemworkbench/plugins/fr.ac6.mcu.externaltools.arm-none.win32_1.16.0.201807130628/tools/compiler/bin/../lib/gcc/arm-none-eabi/7.2.1/thumb/v6-m\libgcc.a
LOAD d:/stm32/ac6/systemworkbench/plugins/fr.ac6.mcu.externaltools.arm-none.win32_1.16.0.201807130628/tools/compiler/bin/../lib/gcc/arm-none-eabi/7.2.1/../../../../arm-none-eabi/lib/thumb/v6-m\libc_nano.a
LOAD d:/stm32/ac6/systemworkbench/plugins/fr.ac6.mcu.externaltools.arm-none.win32_1.16.0.201807130628/tools/compiler/bin/../lib/gcc/arm-none-eabi/7.2.1/../../../../arm-none-eabi/lib/thumb/v6-m\libnosys.a
END GROUP
START GROUP
LOAD d:/stm32/ac6/systemworkbench/plugins/fr.ac6.mcu.externaltools.arm-none.win32_1.16.0.201807130628/tools/compiler/bin/../lib/gcc/arm-none-eabi/7.2.1/thumb/v6-m\libgcc.a
LOAD d:/stm32/ac6/systemworkbench/plugins/fr.ac6.mcu.externaltools.arm-none.win32_1.16.0.201807130628/tools/compiler/bin/../lib/gcc/arm-none-eabi/7.2.1/../../../../arm-none-eabi/lib/thumb/v6-m\libc_nano.a
LOAD d:/stm32/ac6/systemworkbench/plugins/fr.ac6.mcu.externaltools.arm-none.win32_1.16.0.201807130628/tools/compiler/bin/../lib/gcc/arm-none-eabi/7.2.1/../../../../arm-none-eabi/lib/thumb/v6-m\libnosys.a
END GROUP
LOAD d:/stm32/ac6/systemworkbench/plugins/fr.ac6.mcu.externaltools.arm-none.win32_1.16.0.201807130628/tools/compiler/bin/../lib/gcc/arm-none-eabi/7.2.1/thumb/v6-m/crtend.o
LOAD d:/stm32/ac6/systemworkbench/plugins/fr.ac6.mcu.externaltools.arm-none.win32_1.16.0.201807130628/tools/compiler/bin/../lib/gcc/arm-none-eabi/7.2.1/thumb/v6-m/crtn.o
                0x20002000                _estack = 0x20002000
                0x00000200                _Min_Heap_Size = 0x200
                0x00000400                _Min_Stack_Size = 0x400

.isr_vector     0x08000000       0xc0
                0x08000000                . = ALIGN (0x4)
 *(.isr_vector)
 .isr_vector    0x08000000       0xc0 startup/startup_stm32f030x8.o
                0x08000000                g_pfnVectors
                0x080000c0                . = ALIGN (0x4)

.text           0x080000c0     0x2a3c
                0x080000c0                . = ALIGN (0x4)
 *(.text)
 .text          0x080000c0       0x48 d:/stm32/ac6/systemworkbench/plugins/fr.ac6.mcu.externaltools.arm-none.win32_1.16.0.201807130628/tools/compiler/bin/../lib/gcc/arm-none-eabi/7.2.1/thumb/v6-m/crtbegin.o
 .text          0x08000108      0x114 d:/stm32/ac6/systemworkbench/plugins/fr.ac6.mcu.externaltools.arm-none.win32_1.16.0.201807130628/tools/compiler/bin/../lib/gcc/arm-none-eabi/7.2.1/thumb/v6-m\libgcc.a(_udivsi3.o)
                0x08000108                __aeabi_uidiv
                0x08000108                __udivsi3
                0x08000214                __aeabi_uidivmod
 .text          0x0800021c        0x4 d:/stm32/ac6/systemworkbench/plugins/fr.ac6.mcu.externaltools.arm-none.win32_1.16.0.201807130628/tools/compiler/bin/../lib/gcc/arm-none-eabi/7.2.1/thumb/v6-m\libgcc.a(_dvmd_tls.o)
                0x0800021c                __aeabi_idiv0
                0x0800021c                __aeabi_ldiv0
 .text          0x08000220        0xe d:/stm32/ac6/systemworkbench/plugins/fr.ac6.mcu.externaltools.arm-none.win32_1.16.0.201807130628/tools/compiler/bin/../lib/gcc/arm-none-eabi/7.2.1/../../../../arm-none-eabi/lib/thumb/v6-m\libc_nano.a(lib_a-strlen.o)
                0x08000220                strlen
 *(.text*)
 .text.HAL_InitTick
                0x0800022e       0x24 Drivers/STM32F0xx_HAL_Driver/Src/stm32f0xx_hal.o
                0x0800022e                HAL_InitTick
 *fill*         0x08000252        0x2 
 .text.HAL_Init
                0x08000254       0x20 Drivers/STM32F0xx_HAL_Driver/Src/stm32f0xx_hal.o
                0x08000254                HAL_Init
 .text.HAL_IncTick
                0x08000274       0x10 Drivers/STM32F0xx_HAL_Driver/Src/stm32f0xx_hal.o
                0x08000274                HAL_IncTick
 .text.HAL_GetTick
                0x08000284        0xc Drivers/STM32F0xx_HAL_Driver/Src/stm32f0xx_hal.o
                0x08000284                HAL_GetTick
 .text.HAL_Delay
                0x08000290       0x22 Drivers/STM32F0xx_HAL_Driver/Src/stm32f0xx_hal.o
                0x08000290                HAL_Delay
 *fill*         0x080002b2        0x2 
 .text.HAL_NVIC_SetPriority
                0x080002b4       0x60 Drivers/STM32F0xx_HAL_Driver/Src/stm32f0xx_hal_cortex.o
                0x080002b4                HAL_NVIC_SetPriority
 .text.HAL_SYSTICK_Config
                0x08000314       0x38 Drivers/STM32F0xx_HAL_Driver/Src/stm32f0xx_hal_cortex.o
                0x08000314                HAL_SYSTICK_Config
 .text.HAL_SYSTICK_CLKSourceConfig
                0x0800034c       0x20 Drivers/STM32F0xx_HAL_Driver/Src/stm32f0xx_hal_cortex.o
                0x0800034c                HAL_SYSTICK_CLKSourceConfig
 .text.HAL_SYSTICK_Callback
                0x0800036c        0x2 Drivers/STM32F0xx_HAL_Driver/Src/stm32f0xx_hal_cortex.o
                0x0800036c                HAL_SYSTICK_Callback
 .text.HAL_SYSTICK_IRQHandler
                0x0800036e        0x8 Drivers/STM32F0xx_HAL_Driver/Src/stm32f0xx_hal_cortex.o
                0x0800036e                HAL_SYSTICK_IRQHandler
 *fill*         0x08000376        0x2 
 .text.FLASH_Program_HalfWord
                0x08000378       0x20 Drivers/STM32F0xx_HAL_Driver/Src/stm32f0xx_hal_flash.o
 .text.FLASH_SetErrorCode
                0x08000398       0x3c Drivers/STM32F0xx_HAL_Driver/Src/stm32f0xx_hal_flash.o
 .text.HAL_FLASH_Unlock
                0x080003d4       0x28 Drivers/STM32F0xx_HAL_Driver/Src/stm32f0xx_hal_flash.o
                0x080003d4                HAL_FLASH_Unlock
 .text.HAL_FLASH_Lock
                0x080003fc       0x14 Drivers/STM32F0xx_HAL_Driver/Src/stm32f0xx_hal_flash.o
                0x080003fc                HAL_FLASH_Lock
 .text.FLASH_WaitForLastOperation
                0x08000410       0x5c Drivers/STM32F0xx_HAL_Driver/Src/stm32f0xx_hal_flash.o
                0x08000410                FLASH_WaitForLastOperation
 .text.HAL_FLASH_Program
                0x0800046c       0xa0 Drivers/STM32F0xx_HAL_Driver/Src/stm32f0xx_hal_flash.o
                0x0800046c                HAL_FLASH_Program
 .text.FLASH_MassErase
                0x0800050c       0x24 Drivers/STM32F0xx_HAL_Driver/Src/stm32f0xx_hal_flash_ex.o
 .text.FLASH_PageErase
                0x08000530       0x24 Drivers/STM32F0xx_HAL_Driver/Src/stm32f0xx_hal_flash_ex.o
                0x08000530                FLASH_PageErase
 .text.HAL_FLASHEx_Erase
                0x08000554       0xa4 Drivers/STM32F0xx_HAL_Driver/Src/stm32f0xx_hal_flash_ex.o
                0x08000554                HAL_FLASHEx_Erase
 .text.HAL_GPIO_Init
                0x080005f8      0x18c Drivers/STM32F0xx_HAL_Driver/Src/stm32f0xx_hal_gpio.o
                0x080005f8                HAL_GPIO_Init
 .text.HAL_GPIO_WritePin
                0x08000784        0xc Drivers/STM32F0xx_HAL_Driver/Src/stm32f0xx_hal_gpio.o
                0x08000784                HAL_GPIO_WritePin
 .text.HAL_RCC_OscConfig
                0x08000790      0x454 Drivers/STM32F0xx_HAL_Driver/Src/stm32f0xx_hal_rcc.o
                0x08000790                HAL_RCC_OscConfig
 .text.HAL_RCC_GetSysClockFreq
                0x08000be4       0x70 Drivers/STM32F0xx_HAL_Driver/Src/stm32f0xx_hal_rcc.o
                0x08000be4                HAL_RCC_GetSysClockFreq
 .text.HAL_RCC_ClockConfig
                0x08000c54      0x154 Drivers/STM32F0xx_HAL_Driver/Src/stm32f0xx_hal_rcc.o
                0x08000c54                HAL_RCC_ClockConfig
 .text.HAL_RCC_GetHCLKFreq
                0x08000da8        0xc Drivers/STM32F0xx_HAL_Driver/Src/stm32f0xx_hal_rcc.o
                0x08000da8                HAL_RCC_GetHCLKFreq
 .text.HAL_RCC_GetPCLK1Freq
                0x08000db4       0x20 Drivers/STM32F0xx_HAL_Driver/Src/stm32f0xx_hal_rcc.o
                0x08000db4                HAL_RCC_GetPCLK1Freq
 .text.HAL_RCCEx_PeriphCLKConfig
                0x08000dd4      0x118 Drivers/STM32F0xx_HAL_Driver/Src/stm32f0xx_hal_rcc_ex.o
                0x08000dd4                HAL_RCCEx_PeriphCLKConfig
 .text.UART_SetConfig
                0x08000eec      0x1b8 Drivers/STM32F0xx_HAL_Driver/Src/stm32f0xx_hal_uart.o
                0x08000eec                UART_SetConfig
 .text.UART_AdvFeatureConfig
                0x080010a4       0xe0 Drivers/STM32F0xx_HAL_Driver/Src/stm32f0xx_hal_uart.o
                0x080010a4                UART_AdvFeatureConfig
 .text.UART_CheckIdleState
                0x08001184       0x16 Drivers/STM32F0xx_HAL_Driver/Src/stm32f0xx_hal_uart.o
                0x08001184                UART_CheckIdleState
 *fill*         0x0800119a        0x2 
 .text.HAL_UART_Init
                0x0800119c       0x70 Drivers/STM32F0xx_HAL_Driver/Src/stm32f0xx_hal_uart.o
                0x0800119c                HAL_UART_Init
 .text.UART_WaitOnFlagUntilTimeout
                0x0800120c       0x6c Drivers/STM32F0xx_HAL_Driver/Src/stm32f0xx_hal_uart.o
                0x0800120c                UART_WaitOnFlagUntilTimeout
 .text.HAL_UART_Transmit
                0x08001278       0xe2 Drivers/STM32F0xx_HAL_Driver/Src/stm32f0xx_hal_uart.o
                0x08001278                HAL_UART_Transmit
 *fill*         0x0800135a        0x2 
 .text.HAL_UART_Receive
                0x0800135c      0x118 Drivers/STM32F0xx_HAL_Driver/Src/stm32f0xx_hal_uart.o
                0x0800135c                HAL_UART_Receive
 .text.KeyExpansion
                0x08001474       0xe8 Src/aes.o
 .text.AddRoundKey
                0x0800155c       0x30 Src/aes.o
 .text.SubBytes
                0x0800158c       0x2c Src/aes.o
 .text.ShiftRows
                0x080015b8       0x32 Src/aes.o
 .text.xtime    0x080015ea       0x12 Src/aes.o
 .text.MixColumns
                0x080015fc       0x82 Src/aes.o
 .text.InvMixColumns
                0x0800167e      0x17c Src/aes.o
 *fill*         0x080017fa        0x2 
 .text.InvSubBytes
                0x080017fc       0x2c Src/aes.o
 .text.InvShiftRows
                0x08001828       0x32 Src/aes.o
 .text.Cipher   0x0800185a       0x50 Src/aes.o
 .text.InvCipher
                0x080018aa       0x50 Src/aes.o
 .text.AES_init_ctx
                0x080018fa        0x8 Src/aes.o
                0x080018fa                AES_init_ctx
 .text.AES_ECB_encrypt
                0x08001902        0xe Src/aes.o
                0x08001902                AES_ECB_encrypt
 .text.AES_ECB_decrypt
                0x08001910        0xe Src/aes.o
                0x08001910                AES_ECB_decrypt
 *fill*         0x0800191e        0x2 
 .text.MX_GPIO_Init
                0x08001920       0x58 Src/main.o
 .text.serPut   0x08001978       0x1c Src/main.o
                0x08001978                serPut
 .text.serReceiveStar
                0x08001994       0x50 Src/main.o
                0x08001994                serReceiveStar
 .text.serReceive
                0x080019e4       0x50 Src/main.o
                0x080019e4                serReceive
 .text.serGet   0x08001a34       0x24 Src/main.o
                0x08001a34                serGet
 .text.serSend  0x08001a58       0x20 Src/main.o
                0x08001a58                serSend
 .text.displayBoot
                0x08001a78       0x2c Src/main.o
                0x08001a78                displayBoot
 .text.decodeFlagInRam
                0x08001aa4       0x54 Src/main.o
                0x08001aa4                decodeFlagInRam
 .text.initialized
                0x08001af8       0x24 Src/main.o
                0x08001af8                initialized
 .text.backdoor
                0x08001b1c       0x98 Src/main.o
                0x08001b1c                backdoor
 .text.checkBackdoor
                0x08001bb4       0x78 Src/main.o
                0x08001bb4                checkBackdoor
 .text.flash    0x08001c2c       0xb0 Src/main.o
                0x08001c2c                flash
 .text.definePassword
                0x08001cdc      0x110 Src/main.o
                0x08001cdc                definePassword
 .text.wipeAll  0x08001dec       0xa4 Src/main.o
                0x08001dec                wipeAll
 .text.setSecret
                0x08001e90       0xc4 Src/main.o
                0x08001e90                setSecret
 .text.retreiveSecret
                0x08001f54       0xd4 Src/main.o
                0x08001f54                retreiveSecret
 .text.productNFO
                0x08002028       0x64 Src/main.o
                0x08002028                productNFO
 .text.checkPassword
                0x0800208c       0x7c Src/main.o
                0x0800208c                checkPassword
 .text.generatePassword
                0x08002108      0x108 Src/main.o
                0x08002108                generatePassword
 .text.changePassword
                0x08002210      0x154 Src/main.o
                0x08002210                changePassword
 .text.virginDevice
                0x08002364       0x80 Src/main.o
                0x08002364                virginDevice
 .text.loadedDevice
                0x080023e4      0x130 Src/main.o
                0x080023e4                loadedDevice
 .text.flagHolder
                0x08002514       0x38 Src/main.o
                0x08002514                flagHolder
 .text._Error_Handler
                0x0800254c        0x2 Src/main.o
                0x0800254c                _Error_Handler
 *fill*         0x0800254e        0x2 
 .text.MX_USART1_UART_Init
                0x08002550       0x54 Src/main.o
 .text.SystemClock_Config
                0x080025a4       0xa4 Src/main.o
                0x080025a4                SystemClock_Config
 .text.main     0x08002648       0x40 Src/main.o
                0x08002648                main
 .text.init_buf_state
                0x08002688        0xe Src/sha-256.o
 .text.calc_chunk
                0x08002696       0x96 Src/sha-256.o
 .text.calc_sha_256
                0x0800272c      0x1c4 Src/sha-256.o
                0x0800272c                calc_sha_256
 .text.HAL_MspInit
                0x080028f0       0x54 Src/stm32f0xx_hal_msp.o
                0x080028f0                HAL_MspInit
 .text.HAL_UART_MspInit
                0x08002944       0x50 Src/stm32f0xx_hal_msp.o
                0x08002944                HAL_UART_MspInit
 .text.NMI_Handler
                0x08002994        0x2 Src/stm32f0xx_it.o
                0x08002994                NMI_Handler
 .text.HardFault_Handler
                0x08002996        0x2 Src/stm32f0xx_it.o
                0x08002996                HardFault_Handler
 .text.SVC_Handler
                0x08002998        0x2 Src/stm32f0xx_it.o
                0x08002998                SVC_Handler
 .text.PendSV_Handler
                0x0800299a        0x2 Src/stm32f0xx_it.o
                0x0800299a                PendSV_Handler
 .text.SysTick_Handler
                0x0800299c        0xc Src/stm32f0xx_it.o
                0x0800299c                SysTick_Handler
 .text.SystemInit
                0x080029a8       0x60 Src/system_stm32f0xx.o
                0x080029a8                SystemInit
 .text.Reset_Handler
                0x08002a08       0x50 startup/startup_stm32f030x8.o
                0x08002a08                Reset_Handler
 .text.Default_Handler
                0x08002a58        0x2 startup/startup_stm32f030x8.o
                0x08002a58                TIM1_CC_IRQHandler
                0x08002a58                TIM6_IRQHandler
                0x08002a58                I2C1_IRQHandler
                0x08002a58                SPI1_IRQHandler
                0x08002a58                EXTI2_3_IRQHandler
                0x08002a58                ADC1_IRQHandler
                0x08002a58                I2C2_IRQHandler
                0x08002a58                TIM17_IRQHandler
                0x08002a58                RTC_IRQHandler
                0x08002a58                TIM16_IRQHandler
                0x08002a58                TIM3_IRQHandler
                0x08002a58                EXTI4_15_IRQHandler
                0x08002a58                RCC_IRQHandler
                0x08002a58                DMA1_Channel1_IRQHandler
                0x08002a58                Default_Handler
                0x08002a58                TIM14_IRQHandler
                0x08002a58                DMA1_Channel4_5_IRQHandler
                0x08002a58                TIM15_IRQHandler
                0x08002a58                EXTI0_1_IRQHandler
                0x08002a58                SPI2_IRQHandler
                0x08002a58                WWDG_IRQHandler
                0x08002a58                DMA1_Channel2_3_IRQHandler
                0x08002a58                USART2_IRQHandler
                0x08002a58                FLASH_IRQHandler
                0x08002a58                USART1_IRQHandler
                0x08002a58                TIM1_BRK_UP_TRG_COM_IRQHandler
 *fill*         0x08002a5a        0x2 
 .text.__libc_init_array
                0x08002a5c       0x48 d:/stm32/ac6/systemworkbench/plugins/fr.ac6.mcu.externaltools.arm-none.win32_1.16.0.201807130628/tools/compiler/bin/../lib/gcc/arm-none-eabi/7.2.1/../../../../arm-none-eabi/lib/thumb/v6-m\libc_nano.a(lib_a-init.o)
                0x08002a5c                __libc_init_array
 .text.memcmp   0x08002aa4       0x1e d:/stm32/ac6/systemworkbench/plugins/fr.ac6.mcu.externaltools.arm-none.win32_1.16.0.201807130628/tools/compiler/bin/../lib/gcc/arm-none-eabi/7.2.1/../../../../arm-none-eabi/lib/thumb/v6-m\libc_nano.a(lib_a-memcmp.o)
                0x08002aa4                memcmp
 .text.memcpy   0x08002ac2       0x12 d:/stm32/ac6/systemworkbench/plugins/fr.ac6.mcu.externaltools.arm-none.win32_1.16.0.201807130628/tools/compiler/bin/../lib/gcc/arm-none-eabi/7.2.1/../../../../arm-none-eabi/lib/thumb/v6-m\libc_nano.a(lib_a-memcpy-stub.o)
                0x08002ac2                memcpy
 .text.memset   0x08002ad4       0x10 d:/stm32/ac6/systemworkbench/plugins/fr.ac6.mcu.externaltools.arm-none.win32_1.16.0.201807130628/tools/compiler/bin/../lib/gcc/arm-none-eabi/7.2.1/../../../../arm-none-eabi/lib/thumb/v6-m\libc_nano.a(lib_a-memset.o)
                0x08002ad4                memset
 *(.glue_7)
 .glue_7        0x08002ae4        0x0 linker stubs
 *(.glue_7t)
 .glue_7t       0x08002ae4        0x0 linker stubs
 *(.eh_frame)
 .eh_frame      0x08002ae4        0x0 d:/stm32/ac6/systemworkbench/plugins/fr.ac6.mcu.externaltools.arm-none.win32_1.16.0.201807130628/tools/compiler/bin/../lib/gcc/arm-none-eabi/7.2.1/thumb/v6-m/crtbegin.o
 *(.init)
 .init          0x08002ae4        0x4 d:/stm32/ac6/systemworkbench/plugins/fr.ac6.mcu.externaltools.arm-none.win32_1.16.0.201807130628/tools/compiler/bin/../lib/gcc/arm-none-eabi/7.2.1/thumb/v6-m/crti.o
                0x08002ae4                _init
 .init          0x08002ae8        0x8 d:/stm32/ac6/systemworkbench/plugins/fr.ac6.mcu.externaltools.arm-none.win32_1.16.0.201807130628/tools/compiler/bin/../lib/gcc/arm-none-eabi/7.2.1/thumb/v6-m/crtn.o
 *(.fini)
 .fini          0x08002af0        0x4 d:/stm32/ac6/systemworkbench/plugins/fr.ac6.mcu.externaltools.arm-none.win32_1.16.0.201807130628/tools/compiler/bin/../lib/gcc/arm-none-eabi/7.2.1/thumb/v6-m/crti.o
                0x08002af0                _fini
 .fini          0x08002af4        0x8 d:/stm32/ac6/systemworkbench/plugins/fr.ac6.mcu.externaltools.arm-none.win32_1.16.0.201807130628/tools/compiler/bin/../lib/gcc/arm-none-eabi/7.2.1/thumb/v6-m/crtn.o
                0x08002afc                . = ALIGN (0x4)
                0x08002afc                _etext = .

.vfp11_veneer   0x08002afc        0x0
 .vfp11_veneer  0x08002afc        0x0 linker stubs

.v4_bx          0x08002afc        0x0
 .v4_bx         0x08002afc        0x0 linker stubs

.iplt           0x08002afc        0x0
 .iplt          0x08002afc        0x0 d:/stm32/ac6/systemworkbench/plugins/fr.ac6.mcu.externaltools.arm-none.win32_1.16.0.201807130628/tools/compiler/bin/../lib/gcc/arm-none-eabi/7.2.1/thumb/v6-m/crtbegin.o

.rodata         0x08002afc     0x1804
                0x08002afc                . = ALIGN (0x4)
 *(.rodata)
 .rodata        0x08002afc       0x20 Drivers/STM32F0xx_HAL_Driver/Src/stm32f0xx_hal_rcc.o
 .rodata        0x08002b1c      0x20c Src/aes.o
 .rodata        0x08002d28       0x50 Src/main.o
 .rodata        0x08002d78      0x120 Src/sha-256.o
 .rodata        0x08002e98       0x18 Src/system_stm32f0xx.o
                0x08002e98                AHBPrescTable
                0x08002ea8                APBPrescTable
 *(.rodata*)
 .rodata.str1.4
                0x08002eb0     0x1450 Src/main.o
                               0x144f (size before relaxing)
                0x08004300                . = ALIGN (0x4)

.rel.dyn        0x08004300        0x0
 .rel.iplt      0x08004300        0x0 d:/stm32/ac6/systemworkbench/plugins/fr.ac6.mcu.externaltools.arm-none.win32_1.16.0.201807130628/tools/compiler/bin/../lib/gcc/arm-none-eabi/7.2.1/thumb/v6-m/crtbegin.o

.ARM.extab
 *(.ARM.extab* .gnu.linkonce.armextab.*)

.ARM            0x08004300        0x0
                0x08004300                __exidx_start = .
 *(.ARM.exidx*)
                0x08004300                __exidx_end = .

.preinit_array  0x08004300        0x0
                0x08004300                PROVIDE (__preinit_array_start, .)
 *(.preinit_array*)
                0x08004300                PROVIDE (__preinit_array_end, .)

.init_array     0x08004300        0x4
                0x08004300                PROVIDE (__init_array_start, .)
 *(SORT_BY_NAME(.init_array.*))
 *(.init_array*)
 .init_array    0x08004300        0x4 d:/stm32/ac6/systemworkbench/plugins/fr.ac6.mcu.externaltools.arm-none.win32_1.16.0.201807130628/tools/compiler/bin/../lib/gcc/arm-none-eabi/7.2.1/thumb/v6-m/crtbegin.o
                0x08004304                PROVIDE (__init_array_end, .)

.fini_array     0x08004304        0x4
                [!provide]                PROVIDE (__fini_array_start, .)
 *(SORT_BY_NAME(.fini_array.*))
 *(.fini_array*)
 .fini_array    0x08004304        0x4 d:/stm32/ac6/systemworkbench/plugins/fr.ac6.mcu.externaltools.arm-none.win32_1.16.0.201807130628/tools/compiler/bin/../lib/gcc/arm-none-eabi/7.2.1/thumb/v6-m/crtbegin.o
                [!provide]                PROVIDE (__fini_array_end, .)
                0x08004308                _sidata = LOADADDR (.data)

.data           0x20000000       0xac load address 0x08004308
                0x20000000                . = ALIGN (0x4)
                0x20000000                _sdata = .
 *(.data)
 .data          0x20000000       0xa8 Src/main.o
                0x20000000                decodeFlagInRam_flagLVL2
                0x20000020                dataFlashPtr
                0x20000024                checkPassword_enterPass
                0x2000003c                generatePassword_menu
                0x20000090                generatePassword_done
 .data          0x200000a8        0x4 Src/system_stm32f0xx.o
                0x200000a8                SystemCoreClock
 *(.data*)
                0x200000ac                . = ALIGN (0x4)
                0x200000ac                _edata = .

.igot.plt       0x200000ac        0x0 load address 0x080043b4
 .igot.plt      0x200000ac        0x0 d:/stm32/ac6/systemworkbench/plugins/fr.ac6.mcu.externaltools.arm-none.win32_1.16.0.201807130628/tools/compiler/bin/../lib/gcc/arm-none-eabi/7.2.1/thumb/v6-m/crtbegin.o
                0x200000ac                . = ALIGN (0x4)

.bss            0x200000b0      0x400 load address 0x080043b4
                0x200000b0                _sbss = .
                0x200000b0                __bss_start__ = _sbss
 *(.bss)
 .bss           0x200000b0       0x1c d:/stm32/ac6/systemworkbench/plugins/fr.ac6.mcu.externaltools.arm-none.win32_1.16.0.201807130628/tools/compiler/bin/../lib/gcc/arm-none-eabi/7.2.1/thumb/v6-m/crtbegin.o
 .bss           0x200000cc        0xd Src/main.o
                0x200000d8                generatePassword_pos
 *(.bss*)
 *(COMMON)
 *fill*         0x200000d9        0x3 
 COMMON         0x200000dc        0x4 Drivers/STM32F0xx_HAL_Driver/Src/stm32f0xx_hal.o
                0x200000dc                uwTick
 COMMON         0x200000e0       0x20 Drivers/STM32F0xx_HAL_Driver/Src/stm32f0xx_hal_flash.o
                0x200000e0                pFlash
 COMMON         0x20000100      0x3b0 Src/main.o
                0x20000100                ctx
                0x200001f0                huart1
                0x20000260                checkPassword_passwdSHA2
                0x20000280                checkPassword_pos
                0x20000284                dataFlashMem
                0x200004b0                . = ALIGN (0x4)
                0x200004b0                _ebss = .
                0x200004b0                __bss_end__ = _ebss

._user_heap_stack
                0x200004b0      0x600 load address 0x080043b4
                0x200004b0                . = ALIGN (0x8)
                [!provide]                PROVIDE (end, .)
                [!provide]                PROVIDE (_end, .)
                0x200006b0                . = (. + _Min_Heap_Size)
 *fill*         0x200004b0      0x200 
                0x20000ab0                . = (. + _Min_Stack_Size)
 *fill*         0x200006b0      0x400 
                0x20000ab0                . = ALIGN (0x8)

/DISCARD/
 libc.a(*)
 libm.a(*)
 libgcc.a(*)

.ARM.attributes
                0x00000000       0x28
 *(.ARM.attributes)
 .ARM.attributes
                0x00000000       0x1e d:/stm32/ac6/systemworkbench/plugins/fr.ac6.mcu.externaltools.arm-none.win32_1.16.0.201807130628/tools/compiler/bin/../lib/gcc/arm-none-eabi/7.2.1/thumb/v6-m/crti.o
 .ARM.attributes
                0x0000001e       0x2c d:/stm32/ac6/systemworkbench/plugins/fr.ac6.mcu.externaltools.arm-none.win32_1.16.0.201807130628/tools/compiler/bin/../lib/gcc/arm-none-eabi/7.2.1/thumb/v6-m/crtbegin.o
 .ARM.attributes
                0x0000004a       0x31 Drivers/STM32F0xx_HAL_Driver/Src/stm32f0xx_hal.o
 .ARM.attributes
                0x0000007b       0x31 Drivers/STM32F0xx_HAL_Driver/Src/stm32f0xx_hal_cortex.o
 .ARM.attributes
                0x000000ac       0x31 Drivers/STM32F0xx_HAL_Driver/Src/stm32f0xx_hal_flash.o
 .ARM.attributes
                0x000000dd       0x31 Drivers/STM32F0xx_HAL_Driver/Src/stm32f0xx_hal_flash_ex.o
 .ARM.attributes
                0x0000010e       0x31 Drivers/STM32F0xx_HAL_Driver/Src/stm32f0xx_hal_gpio.o
 .ARM.attributes
                0x0000013f       0x31 Drivers/STM32F0xx_HAL_Driver/Src/stm32f0xx_hal_rcc.o
 .ARM.attributes
                0x00000170       0x31 Drivers/STM32F0xx_HAL_Driver/Src/stm32f0xx_hal_rcc_ex.o
 .ARM.attributes
                0x000001a1       0x31 Drivers/STM32F0xx_HAL_Driver/Src/stm32f0xx_hal_uart.o
 .ARM.attributes
                0x000001d2       0x31 Src/aes.o
 .ARM.attributes
                0x00000203       0x31 Src/main.o
 .ARM.attributes
                0x00000234       0x31 Src/sha-256.o
 .ARM.attributes
                0x00000265       0x31 Src/stm32f0xx_hal_msp.o
 .ARM.attributes
                0x00000296       0x31 Src/stm32f0xx_it.o
 .ARM.attributes
                0x000002c7       0x31 Src/system_stm32f0xx.o
 .ARM.attributes
                0x000002f8       0x21 startup/startup_stm32f030x8.o
 .ARM.attributes
                0x00000319       0x1e d:/stm32/ac6/systemworkbench/plugins/fr.ac6.mcu.externaltools.arm-none.win32_1.16.0.201807130628/tools/compiler/bin/../lib/gcc/arm-none-eabi/7.2.1/thumb/v6-m\libgcc.a(_udivsi3.o)
 .ARM.attributes
                0x00000337       0x1e d:/stm32/ac6/systemworkbench/plugins/fr.ac6.mcu.externaltools.arm-none.win32_1.16.0.201807130628/tools/compiler/bin/../lib/gcc/arm-none-eabi/7.2.1/thumb/v6-m\libgcc.a(_dvmd_tls.o)
 .ARM.attributes
                0x00000355       0x2c d:/stm32/ac6/systemworkbench/plugins/fr.ac6.mcu.externaltools.arm-none.win32_1.16.0.201807130628/tools/compiler/bin/../lib/gcc/arm-none-eabi/7.2.1/../../../../arm-none-eabi/lib/thumb/v6-m\libc_nano.a(lib_a-init.o)
 .ARM.attributes
                0x00000381       0x2c d:/stm32/ac6/systemworkbench/plugins/fr.ac6.mcu.externaltools.arm-none.win32_1.16.0.201807130628/tools/compiler/bin/../lib/gcc/arm-none-eabi/7.2.1/../../../../arm-none-eabi/lib/thumb/v6-m\libc_nano.a(lib_a-memcmp.o)
 .ARM.attributes
                0x000003ad       0x2c d:/stm32/ac6/systemworkbench/plugins/fr.ac6.mcu.externaltools.arm-none.win32_1.16.0.201807130628/tools/compiler/bin/../lib/gcc/arm-none-eabi/7.2.1/../../../../arm-none-eabi/lib/thumb/v6-m\libc_nano.a(lib_a-memcpy-stub.o)
 .ARM.attributes
                0x000003d9       0x2c d:/stm32/ac6/systemworkbench/plugins/fr.ac6.mcu.externaltools.arm-none.win32_1.16.0.201807130628/tools/compiler/bin/../lib/gcc/arm-none-eabi/7.2.1/../../../../arm-none-eabi/lib/thumb/v6-m\libc_nano.a(lib_a-memset.o)
 .ARM.attributes
                0x00000405       0x1c d:/stm32/ac6/systemworkbench/plugins/fr.ac6.mcu.externaltools.arm-none.win32_1.16.0.201807130628/tools/compiler/bin/../lib/gcc/arm-none-eabi/7.2.1/../../../../arm-none-eabi/lib/thumb/v6-m\libc_nano.a(lib_a-strlen.o)
 .ARM.attributes
                0x00000421       0x1e d:/stm32/ac6/systemworkbench/plugins/fr.ac6.mcu.externaltools.arm-none.win32_1.16.0.201807130628/tools/compiler/bin/../lib/gcc/arm-none-eabi/7.2.1/thumb/v6-m/crtn.o
OUTPUT(GH18-F030big-01.elf elf32-littlearm)

.debug_info     0x00000000     0xfeea
 .debug_info    0x00000000      0xe55 Drivers/STM32F0xx_HAL_Driver/Src/stm32f0xx_hal.o
 .debug_info    0x00000e55      0xfca Drivers/STM32F0xx_HAL_Driver/Src/stm32f0xx_hal_cortex.o
 .debug_info    0x00001e1f      0xe43 Drivers/STM32F0xx_HAL_Driver/Src/stm32f0xx_hal_flash.o
 .debug_info    0x00002c62     0x1175 Drivers/STM32F0xx_HAL_Driver/Src/stm32f0xx_hal_flash_ex.o
 .debug_info    0x00003dd7      0xe59 Drivers/STM32F0xx_HAL_Driver/Src/stm32f0xx_hal_gpio.o
 .debug_info    0x00004c30     0x1137 Drivers/STM32F0xx_HAL_Driver/Src/stm32f0xx_hal_rcc.o
 .debug_info    0x00005d67      0xbfe Drivers/STM32F0xx_HAL_Driver/Src/stm32f0xx_hal_rcc_ex.o
 .debug_info    0x00006965     0x1fee Drivers/STM32F0xx_HAL_Driver/Src/stm32f0xx_hal_uart.o
 .debug_info    0x00008953     0x1036 Src/aes.o
 .debug_info    0x00009989     0x3135 Src/main.o
 .debug_info    0x0000cabe      0xdf6 Src/sha-256.o
 .debug_info    0x0000d8b4     0x1216 Src/stm32f0xx_hal_msp.o
 .debug_info    0x0000eaca      0x991 Src/stm32f0xx_it.o
 .debug_info    0x0000f45b      0xa6d Src/system_stm32f0xx.o
 .debug_info    0x0000fec8       0x22 startup/startup_stm32f030x8.o

.debug_abbrev   0x00000000     0x27cd
 .debug_abbrev  0x00000000      0x2f6 Drivers/STM32F0xx_HAL_Driver/Src/stm32f0xx_hal.o
 .debug_abbrev  0x000002f6      0x328 Drivers/STM32F0xx_HAL_Driver/Src/stm32f0xx_hal_cortex.o
 .debug_abbrev  0x0000061e      0x2fc Drivers/STM32F0xx_HAL_Driver/Src/stm32f0xx_hal_flash.o
 .debug_abbrev  0x0000091a      0x2e7 Drivers/STM32F0xx_HAL_Driver/Src/stm32f0xx_hal_flash_ex.o
 .debug_abbrev  0x00000c01      0x2a7 Drivers/STM32F0xx_HAL_Driver/Src/stm32f0xx_hal_gpio.o
 .debug_abbrev  0x00000ea8      0x2ea Drivers/STM32F0xx_HAL_Driver/Src/stm32f0xx_hal_rcc.o
 .debug_abbrev  0x00001192      0x2a5 Drivers/STM32F0xx_HAL_Driver/Src/stm32f0xx_hal_rcc_ex.o
 .debug_abbrev  0x00001437      0x2cb Drivers/STM32F0xx_HAL_Driver/Src/stm32f0xx_hal_uart.o
 .debug_abbrev  0x00001702      0x2cb Src/aes.o
 .debug_abbrev  0x000019cd      0x4c6 Src/main.o
 .debug_abbrev  0x00001e93      0x2de Src/sha-256.o
 .debug_abbrev  0x00002171      0x254 Src/stm32f0xx_hal_msp.o
 .debug_abbrev  0x000023c5      0x1f1 Src/stm32f0xx_it.o
 .debug_abbrev  0x000025b6      0x205 Src/system_stm32f0xx.o
 .debug_abbrev  0x000027bb       0x12 startup/startup_stm32f030x8.o

.debug_loc      0x00000000     0x43bb
 .debug_loc     0x00000000       0x7c Drivers/STM32F0xx_HAL_Driver/Src/stm32f0xx_hal.o
 .debug_loc     0x0000007c      0x393 Drivers/STM32F0xx_HAL_Driver/Src/stm32f0xx_hal_cortex.o
 .debug_loc     0x0000040f      0x335 Drivers/STM32F0xx_HAL_Driver/Src/stm32f0xx_hal_flash.o
 .debug_loc     0x00000744      0x6a1 Drivers/STM32F0xx_HAL_Driver/Src/stm32f0xx_hal_flash_ex.o
 .debug_loc     0x00000de5      0x2fe Drivers/STM32F0xx_HAL_Driver/Src/stm32f0xx_hal_gpio.o
 .debug_loc     0x000010e3      0x475 Drivers/STM32F0xx_HAL_Driver/Src/stm32f0xx_hal_rcc.o
 .debug_loc     0x00001558      0x359 Drivers/STM32F0xx_HAL_Driver/Src/stm32f0xx_hal_rcc_ex.o
 .debug_loc     0x000018b1     0x161b Drivers/STM32F0xx_HAL_Driver/Src/stm32f0xx_hal_uart.o
 .debug_loc     0x00002ecc      0x59b Src/aes.o
 .debug_loc     0x00003467      0x6de Src/main.o
 .debug_loc     0x00003b45      0x6c7 Src/sha-256.o
 .debug_loc     0x0000420c       0x74 Src/stm32f0xx_hal_msp.o
 .debug_loc     0x00004280      0x13b Src/system_stm32f0xx.o

.debug_aranges  0x00000000      0x7a8
 .debug_aranges
                0x00000000       0xb8 Drivers/STM32F0xx_HAL_Driver/Src/stm32f0xx_hal.o
 .debug_aranges
                0x000000b8       0x78 Drivers/STM32F0xx_HAL_Driver/Src/stm32f0xx_hal_cortex.o
 .debug_aranges
                0x00000130       0x88 Drivers/STM32F0xx_HAL_Driver/Src/stm32f0xx_hal_flash.o
 .debug_aranges
                0x000001b8       0x98 Drivers/STM32F0xx_HAL_Driver/Src/stm32f0xx_hal_flash_ex.o
 .debug_aranges
                0x00000250       0x58 Drivers/STM32F0xx_HAL_Driver/Src/stm32f0xx_hal_gpio.o
 .debug_aranges
                0x000002a8       0x80 Drivers/STM32F0xx_HAL_Driver/Src/stm32f0xx_hal_rcc.o
 .debug_aranges
                0x00000328       0x30 Drivers/STM32F0xx_HAL_Driver/Src/stm32f0xx_hal_rcc_ex.o
 .debug_aranges
                0x00000358      0x1d8 Drivers/STM32F0xx_HAL_Driver/Src/stm32f0xx_hal_uart.o
 .debug_aranges
                0x00000530       0x88 Src/aes.o
 .debug_aranges
                0x000005b8      0x100 Src/main.o
 .debug_aranges
                0x000006b8       0x30 Src/sha-256.o
 .debug_aranges
                0x000006e8       0x30 Src/stm32f0xx_hal_msp.o
 .debug_aranges
                0x00000718       0x40 Src/stm32f0xx_it.o
 .debug_aranges
                0x00000758       0x28 Src/system_stm32f0xx.o
 .debug_aranges
                0x00000780       0x28 startup/startup_stm32f030x8.o

.debug_ranges   0x00000000      0x780
 .debug_ranges  0x00000000       0xa8 Drivers/STM32F0xx_HAL_Driver/Src/stm32f0xx_hal.o
 .debug_ranges  0x000000a8       0xb0 Drivers/STM32F0xx_HAL_Driver/Src/stm32f0xx_hal_cortex.o
 .debug_ranges  0x00000158       0x78 Drivers/STM32F0xx_HAL_Driver/Src/stm32f0xx_hal_flash.o
 .debug_ranges  0x000001d0       0x88 Drivers/STM32F0xx_HAL_Driver/Src/stm32f0xx_hal_flash_ex.o
 .debug_ranges  0x00000258       0x48 Drivers/STM32F0xx_HAL_Driver/Src/stm32f0xx_hal_gpio.o
 .debug_ranges  0x000002a0       0x88 Drivers/STM32F0xx_HAL_Driver/Src/stm32f0xx_hal_rcc.o
 .debug_ranges  0x00000328       0x38 Drivers/STM32F0xx_HAL_Driver/Src/stm32f0xx_hal_rcc_ex.o
 .debug_ranges  0x00000360      0x1c8 Drivers/STM32F0xx_HAL_Driver/Src/stm32f0xx_hal_uart.o
 .debug_ranges  0x00000528       0x78 Src/aes.o
 .debug_ranges  0x000005a0      0x108 Src/main.o
 .debug_ranges  0x000006a8       0x50 Src/sha-256.o
 .debug_ranges  0x000006f8       0x20 Src/stm32f0xx_hal_msp.o
 .debug_ranges  0x00000718       0x30 Src/stm32f0xx_it.o
 .debug_ranges  0x00000748       0x18 Src/system_stm32f0xx.o
 .debug_ranges  0x00000760       0x20 startup/startup_stm32f030x8.o

.debug_macro    0x00000000     0xcd1b
 .debug_macro   0x00000000      0x2bd Drivers/STM32F0xx_HAL_Driver/Src/stm32f0xx_hal.o
 .debug_macro   0x000002bd      0xa48 Drivers/STM32F0xx_HAL_Driver/Src/stm32f0xx_hal.o
 .debug_macro   0x00000d05       0x10 Drivers/STM32F0xx_HAL_Driver/Src/stm32f0xx_hal.o
 .debug_macro   0x00000d15       0xa5 Drivers/STM32F0xx_HAL_Driver/Src/stm32f0xx_hal.o
 .debug_macro   0x00000dba       0x2e Drivers/STM32F0xx_HAL_Driver/Src/stm32f0xx_hal.o
 .debug_macro   0x00000de8       0x22 Drivers/STM32F0xx_HAL_Driver/Src/stm32f0xx_hal.o
 .debug_macro   0x00000e0a       0x22 Drivers/STM32F0xx_HAL_Driver/Src/stm32f0xx_hal.o
 .debug_macro   0x00000e2c       0x4f Drivers/STM32F0xx_HAL_Driver/Src/stm32f0xx_hal.o
 .debug_macro   0x00000e7b       0x51 Drivers/STM32F0xx_HAL_Driver/Src/stm32f0xx_hal.o
 .debug_macro   0x00000ecc       0xef Drivers/STM32F0xx_HAL_Driver/Src/stm32f0xx_hal.o
 .debug_macro   0x00000fbb       0x6a Drivers/STM32F0xx_HAL_Driver/Src/stm32f0xx_hal.o
 .debug_macro   0x00001025      0x1df Drivers/STM32F0xx_HAL_Driver/Src/stm32f0xx_hal.o
 .debug_macro   0x00001204       0x34 Drivers/STM32F0xx_HAL_Driver/Src/stm32f0xx_hal.o
 .debug_macro   0x00001238       0x26 Drivers/STM32F0xx_HAL_Driver/Src/stm32f0xx_hal.o
 .debug_macro   0x0000125e      0x30d Drivers/STM32F0xx_HAL_Driver/Src/stm32f0xx_hal.o
 .debug_macro   0x0000156b     0x6fa9 Drivers/STM32F0xx_HAL_Driver/Src/stm32f0xx_hal.o
 .debug_macro   0x00008514       0x3c Drivers/STM32F0xx_HAL_Driver/Src/stm32f0xx_hal.o
 .debug_macro   0x00008550       0x58 Drivers/STM32F0xx_HAL_Driver/Src/stm32f0xx_hal.o
 .debug_macro   0x000085a8       0x17 Drivers/STM32F0xx_HAL_Driver/Src/stm32f0xx_hal.o
 .debug_macro   0x000085bf       0x35 Drivers/STM32F0xx_HAL_Driver/Src/stm32f0xx_hal.o
 .debug_macro   0x000085f4       0x9c Drivers/STM32F0xx_HAL_Driver/Src/stm32f0xx_hal.o
 .debug_macro   0x00008690       0x16 Drivers/STM32F0xx_HAL_Driver/Src/stm32f0xx_hal.o
 .debug_macro   0x000086a6       0x97 Drivers/STM32F0xx_HAL_Driver/Src/stm32f0xx_hal.o
 .debug_macro   0x0000873d      0x353 Drivers/STM32F0xx_HAL_Driver/Src/stm32f0xx_hal.o
 .debug_macro   0x00008a90       0xf6 Drivers/STM32F0xx_HAL_Driver/Src/stm32f0xx_hal.o
 .debug_macro   0x00008b86       0x10 Drivers/STM32F0xx_HAL_Driver/Src/stm32f0xx_hal.o
 .debug_macro   0x00008b96       0x58 Drivers/STM32F0xx_HAL_Driver/Src/stm32f0xx_hal.o
 .debug_macro   0x00008bee       0x1f Drivers/STM32F0xx_HAL_Driver/Src/stm32f0xx_hal.o
 .debug_macro   0x00008c0d       0x43 Drivers/STM32F0xx_HAL_Driver/Src/stm32f0xx_hal.o
 .debug_macro   0x00008c50       0x20 Drivers/STM32F0xx_HAL_Driver/Src/stm32f0xx_hal.o
 .debug_macro   0x00008c70      0x18e Drivers/STM32F0xx_HAL_Driver/Src/stm32f0xx_hal.o
 .debug_macro   0x00008dfe       0x10 Drivers/STM32F0xx_HAL_Driver/Src/stm32f0xx_hal.o
 .debug_macro   0x00008e0e       0xb6 Drivers/STM32F0xx_HAL_Driver/Src/stm32f0xx_hal.o
 .debug_macro   0x00008ec4       0x16 Drivers/STM32F0xx_HAL_Driver/Src/stm32f0xx_hal.o
 .debug_macro   0x00008eda      0x129 Drivers/STM32F0xx_HAL_Driver/Src/stm32f0xx_hal.o
 .debug_macro   0x00009003       0x49 Drivers/STM32F0xx_HAL_Driver/Src/stm32f0xx_hal.o
 .debug_macro   0x0000904c      0x92f Drivers/STM32F0xx_HAL_Driver/Src/stm32f0xx_hal.o
 .debug_macro   0x0000997b      0x180 Drivers/STM32F0xx_HAL_Driver/Src/stm32f0xx_hal.o
 .debug_macro   0x00009afb      0x13a Drivers/STM32F0xx_HAL_Driver/Src/stm32f0xx_hal.o
 .debug_macro   0x00009c35       0xe5 Drivers/STM32F0xx_HAL_Driver/Src/stm32f0xx_hal.o
 .debug_macro   0x00009d1a      0x1ed Drivers/STM32F0xx_HAL_Driver/Src/stm32f0xx_hal.o
 .debug_macro   0x00009f07       0x34 Drivers/STM32F0xx_HAL_Driver/Src/stm32f0xx_hal.o
 .debug_macro   0x00009f3b       0x43 Drivers/STM32F0xx_HAL_Driver/Src/stm32f0xx_hal.o
 .debug_macro   0x00009f7e       0x28 Drivers/STM32F0xx_HAL_Driver/Src/stm32f0xx_hal.o
 .debug_macro   0x00009fa6       0xb6 Drivers/STM32F0xx_HAL_Driver/Src/stm32f0xx_hal.o
 .debug_macro   0x0000a05c      0x199 Drivers/STM32F0xx_HAL_Driver/Src/stm32f0xx_hal.o
 .debug_macro   0x0000a1f5      0x202 Drivers/STM32F0xx_HAL_Driver/Src/stm32f0xx_hal.o
 .debug_macro   0x0000a3f7       0x61 Drivers/STM32F0xx_HAL_Driver/Src/stm32f0xx_hal.o
 .debug_macro   0x0000a458       0x90 Drivers/STM32F0xx_HAL_Driver/Src/stm32f0xx_hal.o
 .debug_macro   0x0000a4e8       0x4d Drivers/STM32F0xx_HAL_Driver/Src/stm32f0xx_hal.o
 .debug_macro   0x0000a535       0x2d Drivers/STM32F0xx_HAL_Driver/Src/stm32f0xx_hal.o
 .debug_macro   0x0000a562      0x37c Drivers/STM32F0xx_HAL_Driver/Src/stm32f0xx_hal.o
 .debug_macro   0x0000a8de      0x156 Drivers/STM32F0xx_HAL_Driver/Src/stm32f0xx_hal.o
 .debug_macro   0x0000aa34       0xf8 Drivers/STM32F0xx_HAL_Driver/Src/stm32f0xx_hal.o
 .debug_macro   0x0000ab2c      0x299 Drivers/STM32F0xx_HAL_Driver/Src/stm32f0xx_hal_cortex.o
 .debug_macro   0x0000adc5      0x299 Drivers/STM32F0xx_HAL_Driver/Src/stm32f0xx_hal_flash.o
 .debug_macro   0x0000b05e      0x2ab Drivers/STM32F0xx_HAL_Driver/Src/stm32f0xx_hal_flash_ex.o
 .debug_macro   0x0000b309      0x2d1 Drivers/STM32F0xx_HAL_Driver/Src/stm32f0xx_hal_gpio.o
 .debug_macro   0x0000b5da      0x2ab Drivers/STM32F0xx_HAL_Driver/Src/stm32f0xx_hal_rcc.o
 .debug_macro   0x0000b885      0x299 Drivers/STM32F0xx_HAL_Driver/Src/stm32f0xx_hal_rcc_ex.o
 .debug_macro   0x0000bb1e      0x2a1 Drivers/STM32F0xx_HAL_Driver/Src/stm32f0xx_hal_uart.o
 .debug_macro   0x0000bdbf      0x14c Src/aes.o
 .debug_macro   0x0000bf0b      0x16d Src/aes.o
 .debug_macro   0x0000c078       0x10 Src/aes.o
 .debug_macro   0x0000c088       0x35 Src/aes.o
 .debug_macro   0x0000c0bd       0x34 Src/aes.o
 .debug_macro   0x0000c0f1      0x2fd Src/main.o
 .debug_macro   0x0000c3ee       0x16 Src/main.o
 .debug_macro   0x0000c404       0x22 Src/main.o
 .debug_macro   0x0000c426      0x120 Src/sha-256.o
 .debug_macro   0x0000c546      0x299 Src/stm32f0xx_hal_msp.o
 .debug_macro   0x0000c7df      0x2a3 Src/stm32f0xx_it.o
 .debug_macro   0x0000ca82      0x299 Src/system_stm32f0xx.o

.debug_line     0x00000000     0x7a8f
 .debug_line    0x00000000      0x86f Drivers/STM32F0xx_HAL_Driver/Src/stm32f0xx_hal.o
 .debug_line    0x0000086f      0x868 Drivers/STM32F0xx_HAL_Driver/Src/stm32f0xx_hal_cortex.o
 .debug_line    0x000010d7      0x8c6 Drivers/STM32F0xx_HAL_Driver/Src/stm32f0xx_hal_flash.o
 .debug_line    0x0000199d      0x946 Drivers/STM32F0xx_HAL_Driver/Src/stm32f0xx_hal_flash_ex.o
 .debug_line    0x000022e3      0x84c Drivers/STM32F0xx_HAL_Driver/Src/stm32f0xx_hal_gpio.o
 .debug_line    0x00002b2f      0x981 Drivers/STM32F0xx_HAL_Driver/Src/stm32f0xx_hal_rcc.o
 .debug_line    0x000034b0      0x7de Drivers/STM32F0xx_HAL_Driver/Src/stm32f0xx_hal_rcc_ex.o
 .debug_line    0x00003c8e     0x10b8 Drivers/STM32F0xx_HAL_Driver/Src/stm32f0xx_hal_uart.o
 .debug_line    0x00004d46      0x618 Src/aes.o
 .debug_line    0x0000535e      0xbb1 Src/main.o
 .debug_line    0x00005f0f      0x567 Src/sha-256.o
 .debug_line    0x00006476      0x72c Src/stm32f0xx_hal_msp.o
 .debug_line    0x00006ba2      0x742 Src/stm32f0xx_it.o
 .debug_line    0x000072e4      0x728 Src/system_stm32f0xx.o
 .debug_line    0x00007a0c       0x83 startup/startup_stm32f030x8.o

.debug_str      0x00000000    0x42546
 .debug_str     0x00000000    0x402f2 Drivers/STM32F0xx_HAL_Driver/Src/stm32f0xx_hal.o
                              0x40589 (size before relaxing)
 .debug_str     0x000402f2      0x1f8 Drivers/STM32F0xx_HAL_Driver/Src/stm32f0xx_hal_cortex.o
                              0x40437 (size before relaxing)
 .debug_str     0x000404ea      0x2c9 Drivers/STM32F0xx_HAL_Driver/Src/stm32f0xx_hal_flash.o
                              0x4035e (size before relaxing)
 .debug_str     0x000407b3      0x2ff Drivers/STM32F0xx_HAL_Driver/Src/stm32f0xx_hal_flash_ex.o
                              0x404bf (size before relaxing)
 .debug_str     0x00040ab2      0x289 Drivers/STM32F0xx_HAL_Driver/Src/stm32f0xx_hal_gpio.o
                              0x40329 (size before relaxing)
 .debug_str     0x00040d3b      0x331 Drivers/STM32F0xx_HAL_Driver/Src/stm32f0xx_hal_rcc.o
                              0x4048d (size before relaxing)
 .debug_str     0x0004106c      0x127 Drivers/STM32F0xx_HAL_Driver/Src/stm32f0xx_hal_rcc_ex.o
                              0x401fc (size before relaxing)
 .debug_str     0x00041193      0xa9c Drivers/STM32F0xx_HAL_Driver/Src/stm32f0xx_hal_uart.o
                              0x40c23 (size before relaxing)
 .debug_str     0x00041c2f      0x226 Src/aes.o
                               0x6d7d (size before relaxing)
 .debug_str     0x00041e55      0x529 Src/main.o
                              0x4104a (size before relaxing)
 .debug_str     0x0004237e       0xb2 Src/sha-256.o
                               0x6c4b (size before relaxing)
 .debug_str     0x00042430       0x1b Src/stm32f0xx_hal_msp.o
                              0x40708 (size before relaxing)
 .debug_str     0x0004244b       0x71 Src/stm32f0xx_it.o
                              0x40069 (size before relaxing)
 .debug_str     0x000424bc       0x5a Src/system_stm32f0xx.o
                              0x40082 (size before relaxing)
 .debug_str     0x00042516       0x30 startup/startup_stm32f030x8.o
                                 0x61 (size before relaxing)

.comment        0x00000000       0x7e
 .comment       0x00000000       0x7e Drivers/STM32F0xx_HAL_Driver/Src/stm32f0xx_hal.o
                                 0x7f (size before relaxing)
 .comment       0x0000007e       0x7f Drivers/STM32F0xx_HAL_Driver/Src/stm32f0xx_hal_cortex.o
 .comment       0x0000007e       0x7f Drivers/STM32F0xx_HAL_Driver/Src/stm32f0xx_hal_flash.o
 .comment       0x0000007e       0x7f Drivers/STM32F0xx_HAL_Driver/Src/stm32f0xx_hal_flash_ex.o
 .comment       0x0000007e       0x7f Drivers/STM32F0xx_HAL_Driver/Src/stm32f0xx_hal_gpio.o
 .comment       0x0000007e       0x7f Drivers/STM32F0xx_HAL_Driver/Src/stm32f0xx_hal_rcc.o
 .comment       0x0000007e       0x7f Drivers/STM32F0xx_HAL_Driver/Src/stm32f0xx_hal_rcc_ex.o
 .comment       0x0000007e       0x7f Drivers/STM32F0xx_HAL_Driver/Src/stm32f0xx_hal_uart.o
 .comment       0x0000007e       0x7f Src/aes.o
 .comment       0x0000007e       0x7f Src/main.o
 .comment       0x0000007e       0x7f Src/sha-256.o
 .comment       0x0000007e       0x7f Src/stm32f0xx_hal_msp.o
 .comment       0x0000007e       0x7f Src/stm32f0xx_it.o
 .comment       0x0000007e       0x7f Src/system_stm32f0xx.o

.debug_frame    0x00000000     0x1334
 .debug_frame   0x00000000      0x174 Drivers/STM32F0xx_HAL_Driver/Src/stm32f0xx_hal.o
 .debug_frame   0x00000174       0xe4 Drivers/STM32F0xx_HAL_Driver/Src/stm32f0xx_hal_cortex.o
 .debug_frame   0x00000258      0x140 Drivers/STM32F0xx_HAL_Driver/Src/stm32f0xx_hal_flash.o
 .debug_frame   0x00000398      0x180 Drivers/STM32F0xx_HAL_Driver/Src/stm32f0xx_hal_flash_ex.o
 .debug_frame   0x00000518       0xcc Drivers/STM32F0xx_HAL_Driver/Src/stm32f0xx_hal_gpio.o
 .debug_frame   0x000005e4      0x12c Drivers/STM32F0xx_HAL_Driver/Src/stm32f0xx_hal_rcc.o
 .debug_frame   0x00000710       0x58 Drivers/STM32F0xx_HAL_Driver/Src/stm32f0xx_hal_rcc_ex.o
 .debug_frame   0x00000768      0x4f4 Drivers/STM32F0xx_HAL_Driver/Src/stm32f0xx_hal_uart.o
 .debug_frame   0x00000c5c      0x194 Src/aes.o
 .debug_frame   0x00000df0      0x324 Src/main.o
 .debug_frame   0x00001114       0x68 Src/sha-256.o
 .debug_frame   0x0000117c       0x58 Src/stm32f0xx_hal_msp.o
 .debug_frame   0x000011d4       0x68 Src/stm32f0xx_it.o
 .debug_frame   0x0000123c       0x38 Src/system_stm32f0xx.o
 .debug_frame   0x00001274       0x20 d:/stm32/ac6/systemworkbench/plugins/fr.ac6.mcu.externaltools.arm-none.win32_1.16.0.201807130628/tools/compiler/bin/../lib/gcc/arm-none-eabi/7.2.1/thumb/v6-m\libgcc.a(_udivsi3.o)
 .debug_frame   0x00001294       0x2c d:/stm32/ac6/systemworkbench/plugins/fr.ac6.mcu.externaltools.arm-none.win32_1.16.0.201807130628/tools/compiler/bin/../lib/gcc/arm-none-eabi/7.2.1/../../../../arm-none-eabi/lib/thumb/v6-m\libc_nano.a(lib_a-init.o)
 .debug_frame   0x000012c0       0x2c d:/stm32/ac6/systemworkbench/plugins/fr.ac6.mcu.externaltools.arm-none.win32_1.16.0.201807130628/tools/compiler/bin/../lib/gcc/arm-none-eabi/7.2.1/../../../../arm-none-eabi/lib/thumb/v6-m\libc_nano.a(lib_a-memcmp.o)
 .debug_frame   0x000012ec       0x28 d:/stm32/ac6/systemworkbench/plugins/fr.ac6.mcu.externaltools.arm-none.win32_1.16.0.201807130628/tools/compiler/bin/../lib/gcc/arm-none-eabi/7.2.1/../../../../arm-none-eabi/lib/thumb/v6-m\libc_nano.a(lib_a-memcpy-stub.o)
 .debug_frame   0x00001314       0x20 d:/stm32/ac6/systemworkbench/plugins/fr.ac6.mcu.externaltools.arm-none.win32_1.16.0.201807130628/tools/compiler/bin/../lib/gcc/arm-none-eabi/7.2.1/../../../../arm-none-eabi/lib/thumb/v6-m\libc_nano.a(lib_a-memset.o)
