Archive member included to satisfy reference by file (symbol)

d:/stm32/ac6/systemworkbench/plugins/fr.ac6.mcu.externaltools.arm-none.win32_1.16.0.201807130628/tools/compiler/bin/../lib/gcc/arm-none-eabi/7.2.1/../../../../arm-none-eabi/lib/thumb/v7-m\libc_nano.a(lib_a-exit.o)
                              d:/stm32/ac6/systemworkbench/plugins/fr.ac6.mcu.externaltools.arm-none.win32_1.16.0.201807130628/tools/compiler/bin/../lib/gcc/arm-none-eabi/7.2.1/../../../../arm-none-eabi/lib/thumb/v7-m/crt0.o (exit)
d:/stm32/ac6/systemworkbench/plugins/fr.ac6.mcu.externaltools.arm-none.win32_1.16.0.201807130628/tools/compiler/bin/../lib/gcc/arm-none-eabi/7.2.1/../../../../arm-none-eabi/lib/thumb/v7-m\libc_nano.a(lib_a-impure.o)
                              d:/stm32/ac6/systemworkbench/plugins/fr.ac6.mcu.externaltools.arm-none.win32_1.16.0.201807130628/tools/compiler/bin/../lib/gcc/arm-none-eabi/7.2.1/../../../../arm-none-eabi/lib/thumb/v7-m\libc_nano.a(lib_a-exit.o) (_global_impure_ptr)
d:/stm32/ac6/systemworkbench/plugins/fr.ac6.mcu.externaltools.arm-none.win32_1.16.0.201807130628/tools/compiler/bin/../lib/gcc/arm-none-eabi/7.2.1/../../../../arm-none-eabi/lib/thumb/v7-m\libc_nano.a(lib_a-init.o)
                              d:/stm32/ac6/systemworkbench/plugins/fr.ac6.mcu.externaltools.arm-none.win32_1.16.0.201807130628/tools/compiler/bin/../lib/gcc/arm-none-eabi/7.2.1/../../../../arm-none-eabi/lib/thumb/v7-m/crt0.o (__libc_init_array)
d:/stm32/ac6/systemworkbench/plugins/fr.ac6.mcu.externaltools.arm-none.win32_1.16.0.201807130628/tools/compiler/bin/../lib/gcc/arm-none-eabi/7.2.1/../../../../arm-none-eabi/lib/thumb/v7-m\libc_nano.a(lib_a-memcmp.o)
                              Src/main.o (memcmp)
d:/stm32/ac6/systemworkbench/plugins/fr.ac6.mcu.externaltools.arm-none.win32_1.16.0.201807130628/tools/compiler/bin/../lib/gcc/arm-none-eabi/7.2.1/../../../../arm-none-eabi/lib/thumb/v7-m\libc_nano.a(lib_a-memcpy-stub.o)
                              Src/main.o (memcpy)
d:/stm32/ac6/systemworkbench/plugins/fr.ac6.mcu.externaltools.arm-none.win32_1.16.0.201807130628/tools/compiler/bin/../lib/gcc/arm-none-eabi/7.2.1/../../../../arm-none-eabi/lib/thumb/v7-m\libc_nano.a(lib_a-memset.o)
                              d:/stm32/ac6/systemworkbench/plugins/fr.ac6.mcu.externaltools.arm-none.win32_1.16.0.201807130628/tools/compiler/bin/../lib/gcc/arm-none-eabi/7.2.1/../../../../arm-none-eabi/lib/thumb/v7-m/crt0.o (memset)
d:/stm32/ac6/systemworkbench/plugins/fr.ac6.mcu.externaltools.arm-none.win32_1.16.0.201807130628/tools/compiler/bin/../lib/gcc/arm-none-eabi/7.2.1/../../../../arm-none-eabi/lib/thumb/v7-m\libc_nano.a(lib_a-strlen.o)
                              Src/main.o (strlen)
d:/stm32/ac6/systemworkbench/plugins/fr.ac6.mcu.externaltools.arm-none.win32_1.16.0.201807130628/tools/compiler/bin/../lib/gcc/arm-none-eabi/7.2.1/../../../../arm-none-eabi/lib/thumb/v7-m\libnosys.a(_exit.o)
                              d:/stm32/ac6/systemworkbench/plugins/fr.ac6.mcu.externaltools.arm-none.win32_1.16.0.201807130628/tools/compiler/bin/../lib/gcc/arm-none-eabi/7.2.1/../../../../arm-none-eabi/lib/thumb/v7-m\libc_nano.a(lib_a-exit.o) (_exit)

Allocating common symbols
Common symbol       size              file

uwTick              0x4               Drivers/STM32F1xx_HAL_Driver/Src/stm32f1xx_hal.o
pFlash              0x20              Drivers/STM32F1xx_HAL_Driver/Src/stm32f1xx_hal_flash.o
ctx                 0xf0              Src/main.o
huart1              0x40              Src/main.o
checkPassword_passwdSHA2
                    0x20              Src/main.o
checkPassword_pos   0x1               Src/main.o
dataFlashMem        0x22c             Src/main.o

Discarded input sections

 .text          0x00000000        0x0 d:/stm32/ac6/systemworkbench/plugins/fr.ac6.mcu.externaltools.arm-none.win32_1.16.0.201807130628/tools/compiler/bin/../lib/gcc/arm-none-eabi/7.2.1/thumb/v7-m/crti.o
 .data          0x00000000        0x0 d:/stm32/ac6/systemworkbench/plugins/fr.ac6.mcu.externaltools.arm-none.win32_1.16.0.201807130628/tools/compiler/bin/../lib/gcc/arm-none-eabi/7.2.1/thumb/v7-m/crti.o
 .bss           0x00000000        0x0 d:/stm32/ac6/systemworkbench/plugins/fr.ac6.mcu.externaltools.arm-none.win32_1.16.0.201807130628/tools/compiler/bin/../lib/gcc/arm-none-eabi/7.2.1/thumb/v7-m/crti.o
 .data          0x00000000        0x4 d:/stm32/ac6/systemworkbench/plugins/fr.ac6.mcu.externaltools.arm-none.win32_1.16.0.201807130628/tools/compiler/bin/../lib/gcc/arm-none-eabi/7.2.1/thumb/v7-m/crtbegin.o
 .text          0x00000000       0x74 d:/stm32/ac6/systemworkbench/plugins/fr.ac6.mcu.externaltools.arm-none.win32_1.16.0.201807130628/tools/compiler/bin/../lib/gcc/arm-none-eabi/7.2.1/../../../../arm-none-eabi/lib/thumb/v7-m/crt0.o
[...]
Memory Configuration

Name             Origin             Length             Attributes
RAM              0x20000000         0x00005000         xrw
FLASH            0x08000000         0x00010000         xr
*default*        0x00000000         0xffffffff

Linker script and memory map

LOAD d:/stm32/ac6/systemworkbench/plugins/fr.ac6.mcu.externaltools.arm-none.win32_1.16.0.201807130628/tools/compiler/bin/../lib/gcc/arm-none-eabi/7.2.1/thumb/v7-m/crti.o
LOAD d:/stm32/ac6/systemworkbench/plugins/fr.ac6.mcu.externaltools.arm-none.win32_1.16.0.201807130628/tools/compiler/bin/../lib/gcc/arm-none-eabi/7.2.1/thumb/v7-m/crtbegin.o
LOAD d:/stm32/ac6/systemworkbench/plugins/fr.ac6.mcu.externaltools.arm-none.win32_1.16.0.201807130628/tools/compiler/bin/../lib/gcc/arm-none-eabi/7.2.1/../../../../arm-none-eabi/lib/thumb/v7-m/crt0.o
LOAD Drivers/STM32F1xx_HAL_Driver/Src/stm32f1xx_hal.o
LOAD Drivers/STM32F1xx_HAL_Driver/Src/stm32f1xx_hal_cortex.o
LOAD Drivers/STM32F1xx_HAL_Driver/Src/stm32f1xx_hal_dma.o
LOAD Drivers/STM32F1xx_HAL_Driver/Src/stm32f1xx_hal_flash.o
LOAD Drivers/STM32F1xx_HAL_Driver/Src/stm32f1xx_hal_flash_ex.o
LOAD Drivers/STM32F1xx_HAL_Driver/Src/stm32f1xx_hal_gpio.o
LOAD Drivers/STM32F1xx_HAL_Driver/Src/stm32f1xx_hal_gpio_ex.o
LOAD Drivers/STM32F1xx_HAL_Driver/Src/stm32f1xx_hal_pwr.o
LOAD Drivers/STM32F1xx_HAL_Driver/Src/stm32f1xx_hal_rcc.o
LOAD Drivers/STM32F1xx_HAL_Driver/Src/stm32f1xx_hal_rcc_ex.o
LOAD Drivers/STM32F1xx_HAL_Driver/Src/stm32f1xx_hal_tim.o
LOAD Drivers/STM32F1xx_HAL_Driver/Src/stm32f1xx_hal_tim_ex.o
LOAD Drivers/STM32F1xx_HAL_Driver/Src/stm32f1xx_hal_uart.o
LOAD Src/aes.o
LOAD Src/main.o
LOAD Src/sha-256.o
LOAD Src/stm32f1xx_hal_msp.o
LOAD Src/stm32f1xx_it.o
LOAD Src/system_stm32f1xx.o
LOAD startup/startup_stm32f103xb.o
LOAD d:/stm32/ac6/systemworkbench/plugins/fr.ac6.mcu.externaltools.arm-none.win32_1.16.0.201807130628/tools/compiler/bin/../lib/gcc/arm-none-eabi/7.2.1/../../../../arm-none-eabi/lib/thumb/v7-m\libm.a
START GROUP
LOAD d:/stm32/ac6/systemworkbench/plugins/fr.ac6.mcu.externaltools.arm-none.win32_1.16.0.201807130628/tools/compiler/bin/../lib/gcc/arm-none-eabi/7.2.1/thumb/v7-m\libgcc.a
LOAD d:/stm32/ac6/systemworkbench/plugins/fr.ac6.mcu.externaltools.arm-none.win32_1.16.0.201807130628/tools/compiler/bin/../lib/gcc/arm-none-eabi/7.2.1/../../../../arm-none-eabi/lib/thumb/v7-m\libc_nano.a
END GROUP
START GROUP
LOAD d:/stm32/ac6/systemworkbench/plugins/fr.ac6.mcu.externaltools.arm-none.win32_1.16.0.201807130628/tools/compiler/bin/../lib/gcc/arm-none-eabi/7.2.1/thumb/v7-m\libgcc.a
LOAD d:/stm32/ac6/systemworkbench/plugins/fr.ac6.mcu.externaltools.arm-none.win32_1.16.0.201807130628/tools/compiler/bin/../lib/gcc/arm-none-eabi/7.2.1/../../../../arm-none-eabi/lib/thumb/v7-m\libc_nano.a
LOAD d:/stm32/ac6/systemworkbench/plugins/fr.ac6.mcu.externaltools.arm-none.win32_1.16.0.201807130628/tools/compiler/bin/../lib/gcc/arm-none-eabi/7.2.1/../../../../arm-none-eabi/lib/thumb/v7-m\libnosys.a
END GROUP
START GROUP
LOAD d:/stm32/ac6/systemworkbench/plugins/fr.ac6.mcu.externaltools.arm-none.win32_1.16.0.201807130628/tools/compiler/bin/../lib/gcc/arm-none-eabi/7.2.1/thumb/v7-m\libgcc.a
LOAD d:/stm32/ac6/systemworkbench/plugins/fr.ac6.mcu.externaltools.arm-none.win32_1.16.0.201807130628/tools/compiler/bin/../lib/gcc/arm-none-eabi/7.2.1/../../../../arm-none-eabi/lib/thumb/v7-m\libc_nano.a
LOAD d:/stm32/ac6/systemworkbench/plugins/fr.ac6.mcu.externaltools.arm-none.win32_1.16.0.201807130628/tools/compiler/bin/../lib/gcc/arm-none-eabi/7.2.1/../../../../arm-none-eabi/lib/thumb/v7-m\libnosys.a
END GROUP
LOAD d:/stm32/ac6/systemworkbench/plugins/fr.ac6.mcu.externaltools.arm-none.win32_1.16.0.201807130628/tools/compiler/bin/../lib/gcc/arm-none-eabi/7.2.1/thumb/v7-m/crtend.o
LOAD d:/stm32/ac6/systemworkbench/plugins/fr.ac6.mcu.externaltools.arm-none.win32_1.16.0.201807130628/tools/compiler/bin/../lib/gcc/arm-none-eabi/7.2.1/thumb/v7-m/crtn.o
                0x20005000                _estack = 0x20005000
                0x00000200                _Min_Heap_Size = 0x200
                0x00000400                _Min_Stack_Size = 0x400

.isr_vector     0x08000000      0x10c
                0x08000000                . = ALIGN (0x4)
 *(.isr_vector)
 .isr_vector    0x08000000      0x10c startup/startup_stm32f103xb.o
                0x08000000                g_pfnVectors
                0x0800010c                . = ALIGN (0x4)

.text           0x0800010c     0x27c0
                0x0800010c                . = ALIGN (0x4)
 *(.text)
 .text          0x0800010c       0x40 d:/stm32/ac6/systemworkbench/plugins/fr.ac6.mcu.externaltools.arm-none.win32_1.16.0.201807130628/tools/compiler/bin/../lib/gcc/arm-none-eabi/7.2.1/thumb/v7-m/crtbegin.o
 .text          0x0800014c       0x10 d:/stm32/ac6/systemworkbench/plugins/fr.ac6.mcu.externaltools.arm-none.win32_1.16.0.201807130628/tools/compiler/bin/../lib/gcc/arm-none-eabi/7.2.1/../../../../arm-none-eabi/lib/thumb/v7-m\libc_nano.a(lib_a-strlen.o)
                0x0800014c                strlen
 *(.text*)
 .text.HAL_InitTick
                0x0800015c       0x48 Drivers/STM32F1xx_HAL_Driver/Src/stm32f1xx_hal.o
                0x0800015c                HAL_InitTick
 .text.HAL_Init
                0x080001a4       0x24 Drivers/STM32F1xx_HAL_Driver/Src/stm32f1xx_hal.o
                0x080001a4                HAL_Init
 .text.HAL_IncTick
                0x080001c8       0x18 Drivers/STM32F1xx_HAL_Driver/Src/stm32f1xx_hal.o
                0x080001c8                HAL_IncTick
 .text.HAL_GetTick
                0x080001e0        0xc Drivers/STM32F1xx_HAL_Driver/Src/stm32f1xx_hal.o
                0x080001e0                HAL_GetTick
 .text.HAL_Delay
                0x080001ec       0x28 Drivers/STM32F1xx_HAL_Driver/Src/stm32f1xx_hal.o
                0x080001ec                HAL_Delay
 .text.HAL_NVIC_SetPriorityGrouping
                0x08000214       0x24 Drivers/STM32F1xx_HAL_Driver/Src/stm32f1xx_hal_cortex.o
                0x08000214                HAL_NVIC_SetPriorityGrouping
 .text.HAL_NVIC_SetPriority
                0x08000238       0x68 Drivers/STM32F1xx_HAL_Driver/Src/stm32f1xx_hal_cortex.o
                0x08000238                HAL_NVIC_SetPriority
 .text.HAL_SYSTICK_Config
                0x080002a0       0x2c Drivers/STM32F1xx_HAL_Driver/Src/stm32f1xx_hal_cortex.o
                0x080002a0                HAL_SYSTICK_Config
 .text.HAL_SYSTICK_CLKSourceConfig
                0x080002cc       0x20 Drivers/STM32F1xx_HAL_Driver/Src/stm32f1xx_hal_cortex.o
                0x080002cc                HAL_SYSTICK_CLKSourceConfig
 .text.HAL_SYSTICK_Callback
                0x080002ec        0x2 Drivers/STM32F1xx_HAL_Driver/Src/stm32f1xx_hal_cortex.o
                0x080002ec                HAL_SYSTICK_Callback
 .text.HAL_SYSTICK_IRQHandler
                0x080002ee        0x8 Drivers/STM32F1xx_HAL_Driver/Src/stm32f1xx_hal_cortex.o
                0x080002ee                HAL_SYSTICK_IRQHandler
 *fill*         0x080002f6        0x2 
 .text.FLASH_Program_HalfWord
                0x080002f8       0x1c Drivers/STM32F1xx_HAL_Driver/Src/stm32f1xx_hal_flash.o
 .text.FLASH_SetErrorCode
                0x08000314       0x74 Drivers/STM32F1xx_HAL_Driver/Src/stm32f1xx_hal_flash.o
 .text.HAL_FLASH_Unlock
                0x08000388       0x34 Drivers/STM32F1xx_HAL_Driver/Src/stm32f1xx_hal_flash.o
                0x08000388                HAL_FLASH_Unlock
 .text.HAL_FLASH_Lock
                0x080003bc       0x14 Drivers/STM32F1xx_HAL_Driver/Src/stm32f1xx_hal_flash.o
                0x080003bc                HAL_FLASH_Lock
 .text.FLASH_WaitForLastOperation
                0x080003d0       0x6c Drivers/STM32F1xx_HAL_Driver/Src/stm32f1xx_hal_flash.o
                0x080003d0                FLASH_WaitForLastOperation
 .text.HAL_FLASH_Program
                0x0800043c       0x9c Drivers/STM32F1xx_HAL_Driver/Src/stm32f1xx_hal_flash.o
                0x0800043c                HAL_FLASH_Program
 .text.FLASH_MassErase
                0x080004d8       0x24 Drivers/STM32F1xx_HAL_Driver/Src/stm32f1xx_hal_flash_ex.o
 .text.FLASH_PageErase
                0x080004fc       0x24 Drivers/STM32F1xx_HAL_Driver/Src/stm32f1xx_hal_flash_ex.o
                0x080004fc                FLASH_PageErase
 .text.HAL_FLASHEx_Erase
                0x08000520       0xa4 Drivers/STM32F1xx_HAL_Driver/Src/stm32f1xx_hal_flash_ex.o
                0x08000520                HAL_FLASHEx_Erase
 .text.HAL_GPIO_Init
                0x080005c4      0x1d4 Drivers/STM32F1xx_HAL_Driver/Src/stm32f1xx_hal_gpio.o
                0x080005c4                HAL_GPIO_Init
 .text.HAL_GPIO_WritePin
                0x08000798        0xc Drivers/STM32F1xx_HAL_Driver/Src/stm32f1xx_hal_gpio.o
                0x08000798                HAL_GPIO_WritePin
 .text.RCC_Delay
                0x080007a4       0x2c Drivers/STM32F1xx_HAL_Driver/Src/stm32f1xx_hal_rcc.o
 .text.HAL_RCC_OscConfig
                0x080007d0      0x3dc Drivers/STM32F1xx_HAL_Driver/Src/stm32f1xx_hal_rcc.o
                0x080007d0                HAL_RCC_OscConfig
 .text.HAL_RCC_GetSysClockFreq
                0x08000bac       0x70 Drivers/STM32F1xx_HAL_Driver/Src/stm32f1xx_hal_rcc.o
                0x08000bac                HAL_RCC_GetSysClockFreq
 .text.HAL_RCC_ClockConfig
                0x08000c1c      0x178 Drivers/STM32F1xx_HAL_Driver/Src/stm32f1xx_hal_rcc.o
                0x08000c1c                HAL_RCC_ClockConfig
 .text.HAL_RCC_GetHCLKFreq
                0x08000d94        0xc Drivers/STM32F1xx_HAL_Driver/Src/stm32f1xx_hal_rcc.o
                0x08000d94                HAL_RCC_GetHCLKFreq
 .text.HAL_RCC_GetPCLK1Freq
                0x08000da0       0x20 Drivers/STM32F1xx_HAL_Driver/Src/stm32f1xx_hal_rcc.o
                0x08000da0                HAL_RCC_GetPCLK1Freq
 .text.HAL_RCC_GetPCLK2Freq
                0x08000dc0       0x20 Drivers/STM32F1xx_HAL_Driver/Src/stm32f1xx_hal_rcc.o
                0x08000dc0                HAL_RCC_GetPCLK2Freq
 .text.UART_SetConfig
                0x08000de0      0x1ac Drivers/STM32F1xx_HAL_Driver/Src/stm32f1xx_hal_uart.o
 .text.UART_WaitOnFlagUntilTimeout
                0x08000f8c       0x62 Drivers/STM32F1xx_HAL_Driver/Src/stm32f1xx_hal_uart.o
 .text.HAL_UART_Init
                0x08000fee       0x5e Drivers/STM32F1xx_HAL_Driver/Src/stm32f1xx_hal_uart.o
                0x08000fee                HAL_UART_Init
 .text.HAL_UART_Transmit
                0x0800104c       0xe0 Drivers/STM32F1xx_HAL_Driver/Src/stm32f1xx_hal_uart.o
                0x0800104c                HAL_UART_Transmit
 .text.HAL_UART_Receive
                0x0800112c       0xe4 Drivers/STM32F1xx_HAL_Driver/Src/stm32f1xx_hal_uart.o
                0x0800112c                HAL_UART_Receive
 .text.KeyExpansion
                0x08001210       0xfc Src/aes.o
 .text.AddRoundKey
                0x0800130c       0x32 Src/aes.o
 *fill*         0x0800133e        0x2 
 .text.SubBytes
                0x08001340       0x40 Src/aes.o
 .text.ShiftRows
                0x08001380       0x32 Src/aes.o
 .text.xtime    0x080013b2       0x12 Src/aes.o
 .text.MixColumns
                0x080013c4       0x70 Src/aes.o
 .text.InvMixColumns
                0x08001434      0x16e Src/aes.o
 *fill*         0x080015a2        0x2 
 .text.InvSubBytes
                0x080015a4       0x44 Src/aes.o
 .text.InvShiftRows
                0x080015e8       0x32 Src/aes.o
 .text.Cipher   0x0800161a       0x50 Src/aes.o
 .text.InvCipher
                0x0800166a       0x50 Src/aes.o
 .text.AES_init_ctx
                0x080016ba        0x8 Src/aes.o
                0x080016ba                AES_init_ctx
 .text.AES_ECB_encrypt
                0x080016c2        0xe Src/aes.o
                0x080016c2                AES_ECB_encrypt
 .text.AES_ECB_decrypt
                0x080016d0        0xe Src/aes.o
                0x080016d0                AES_ECB_decrypt
 *fill*         0x080016de        0x2 
 .text.MX_GPIO_Init
                0x080016e0       0x70 Src/main.o
 .text.serPut   0x08001750       0x20 Src/main.o
                0x08001750                serPut
 .text.serReceiveStar
                0x08001770       0x4c Src/main.o
                0x08001770                serReceiveStar
 .text.serReceive
                0x080017bc       0x48 Src/main.o
                0x080017bc                serReceive
 .text.serGet   0x08001804       0x24 Src/main.o
                0x08001804                serGet
 .text.serSend  0x08001828       0x20 Src/main.o
                0x08001828                serSend
 .text.displayBoot
                0x08001848       0x24 Src/main.o
                0x08001848                displayBoot
 .text.decodeFlagInRam
                0x0800186c       0x4c Src/main.o
                0x0800186c                decodeFlagInRam
 .text.initialized
                0x080018b8       0x20 Src/main.o
                0x080018b8                initialized
 .text.backdoor
                0x080018d8       0x90 Src/main.o
                0x080018d8                backdoor
 .text.checkBackdoor
                0x08001968       0x70 Src/main.o
                0x08001968                checkBackdoor
 .text.flash    0x080019d8       0xb0 Src/main.o
                0x080019d8                flash
 .text.definePassword
                0x08001a88      0x100 Src/main.o
                0x08001a88                definePassword
 .text.wipeAll  0x08001b88       0xac Src/main.o
                0x08001b88                wipeAll
 .text.setSecret
                0x08001c34       0xd0 Src/main.o
                0x08001c34                setSecret
 .text.retreiveSecret
                0x08001d04       0xcc Src/main.o
                0x08001d04                retreiveSecret
 .text.productNFO
                0x08001dd0       0x5c Src/main.o
                0x08001dd0                productNFO
 .text.checkPassword
                0x08001e2c       0x84 Src/main.o
                0x08001e2c                checkPassword
 .text.generatePassword
                0x08001eb0      0x134 Src/main.o
                0x08001eb0                generatePassword
 .text.changePassword
                0x08001fe4      0x144 Src/main.o
                0x08001fe4                changePassword
 .text.virginDevice
                0x08002128       0x90 Src/main.o
                0x08002128                virginDevice
 .text.loadedDevice
                0x080021b8      0x158 Src/main.o
                0x080021b8                loadedDevice
 .text._Error_Handler
                0x08002310        0x2 Src/main.o
                0x08002310                _Error_Handler
 *fill*         0x08002312        0x2 
 .text.MX_USART1_UART_Init
                0x08002314       0x3c Src/main.o
 .text.SystemClock_Config
                0x08002350       0x88 Src/main.o
                0x08002350                SystemClock_Config
 .text.main     0x080023d8       0x3c Src/main.o
                0x080023d8                main
 .text.init_buf_state
                0x08002414        0xe Src/sha-256.o
 .text.calc_chunk
                0x08002422       0xaa Src/sha-256.o
 .text.calc_sha_256
                0x080024cc      0x1ac Src/sha-256.o
                0x080024cc                calc_sha_256
 .text.HAL_MspInit
                0x08002678       0xa0 Src/stm32f1xx_hal_msp.o
                0x08002678                HAL_MspInit
 .text.HAL_UART_MspInit
                0x08002718       0x5c Src/stm32f1xx_hal_msp.o
                0x08002718                HAL_UART_MspInit
 .text.NMI_Handler
                0x08002774        0x2 Src/stm32f1xx_it.o
                0x08002774                NMI_Handler
 .text.HardFault_Handler
                0x08002776        0x2 Src/stm32f1xx_it.o
                0x08002776                HardFault_Handler
 .text.MemManage_Handler
                0x08002778        0x2 Src/stm32f1xx_it.o
                0x08002778                MemManage_Handler
 .text.BusFault_Handler
                0x0800277a        0x2 Src/stm32f1xx_it.o
                0x0800277a                BusFault_Handler
 .text.UsageFault_Handler
                0x0800277c        0x2 Src/stm32f1xx_it.o
                0x0800277c                UsageFault_Handler
 .text.SVC_Handler
                0x0800277e        0x2 Src/stm32f1xx_it.o
                0x0800277e                SVC_Handler
 .text.DebugMon_Handler
                0x08002780        0x2 Src/stm32f1xx_it.o
                0x08002780                DebugMon_Handler
 .text.PendSV_Handler
                0x08002782        0x2 Src/stm32f1xx_it.o
                0x08002782                PendSV_Handler
 .text.SysTick_Handler
                0x08002784        0xc Src/stm32f1xx_it.o
                0x08002784                SysTick_Handler
 .text.SystemInit
                0x08002790       0x4c Src/system_stm32f1xx.o
                0x08002790                SystemInit
 .text.Reset_Handler
                0x080027dc       0x48 startup/startup_stm32f103xb.o
                0x080027dc                Reset_Handler
 .text.Default_Handler
                0x08002824        0x2 startup/startup_stm32f103xb.o
                0x08002824                RTC_Alarm_IRQHandler
                0x08002824                EXTI2_IRQHandler
                0x08002824                TIM1_CC_IRQHandler
                0x08002824                PVD_IRQHandler
                0x08002824                EXTI3_IRQHandler
                0x08002824                EXTI0_IRQHandler
                0x08002824                I2C2_EV_IRQHandler
                0x08002824                ADC1_2_IRQHandler
                0x08002824                SPI1_IRQHandler
                0x08002824                TAMPER_IRQHandler
                0x08002824                DMA1_Channel4_IRQHandler
                0x08002824                USART3_IRQHandler
                0x08002824                RTC_IRQHandler
                0x08002824                DMA1_Channel7_IRQHandler
                0x08002824                CAN1_RX1_IRQHandler
                0x08002824                TIM4_IRQHandler
                0x08002824                I2C1_EV_IRQHandler
                0x08002824                DMA1_Channel6_IRQHandler
                0x08002824                TIM3_IRQHandler
                0x08002824                RCC_IRQHandler
                0x08002824                TIM1_TRG_COM_IRQHandler
                0x08002824                DMA1_Channel1_IRQHandler
                0x08002824                Default_Handler
                0x08002824                EXTI15_10_IRQHandler
                0x08002824                EXTI9_5_IRQHandler
                0x08002824                SPI2_IRQHandler
                0x08002824                DMA1_Channel5_IRQHandler
                0x08002824                EXTI4_IRQHandler
                0x08002824                USB_LP_CAN1_RX0_IRQHandler
                0x08002824                USB_HP_CAN1_TX_IRQHandler
                0x08002824                DMA1_Channel3_IRQHandler
                0x08002824                TIM1_UP_IRQHandler
                0x08002824                WWDG_IRQHandler
                0x08002824                TIM2_IRQHandler
                0x08002824                TIM1_BRK_IRQHandler
                0x08002824                EXTI1_IRQHandler
                0x08002824                USART2_IRQHandler
                0x08002824                I2C2_ER_IRQHandler
                0x08002824                DMA1_Channel2_IRQHandler
                0x08002824                CAN1_SCE_IRQHandler
                0x08002824                FLASH_IRQHandler
                0x08002824                USART1_IRQHandler
                0x08002824                I2C1_ER_IRQHandler
                0x08002824                USBWakeUp_IRQHandler
 *fill*         0x08002826        0x2 
 .text.__libc_init_array
                0x08002828       0x48 d:/stm32/ac6/systemworkbench/plugins/fr.ac6.mcu.externaltools.arm-none.win32_1.16.0.201807130628/tools/compiler/bin/../lib/gcc/arm-none-eabi/7.2.1/../../../../arm-none-eabi/lib/thumb/v7-m\libc_nano.a(lib_a-init.o)
                0x08002828                __libc_init_array
 .text.memcmp   0x08002870       0x1e d:/stm32/ac6/systemworkbench/plugins/fr.ac6.mcu.externaltools.arm-none.win32_1.16.0.201807130628/tools/compiler/bin/../lib/gcc/arm-none-eabi/7.2.1/../../../../arm-none-eabi/lib/thumb/v7-m\libc_nano.a(lib_a-memcmp.o)
                0x08002870                memcmp
 .text.memcpy   0x0800288e       0x16 d:/stm32/ac6/systemworkbench/plugins/fr.ac6.mcu.externaltools.arm-none.win32_1.16.0.201807130628/tools/compiler/bin/../lib/gcc/arm-none-eabi/7.2.1/../../../../arm-none-eabi/lib/thumb/v7-m\libc_nano.a(lib_a-memcpy-stub.o)
                0x0800288e                memcpy
 .text.memset   0x080028a4       0x10 d:/stm32/ac6/systemworkbench/plugins/fr.ac6.mcu.externaltools.arm-none.win32_1.16.0.201807130628/tools/compiler/bin/../lib/gcc/arm-none-eabi/7.2.1/../../../../arm-none-eabi/lib/thumb/v7-m\libc_nano.a(lib_a-memset.o)
                0x080028a4                memset
 *(.glue_7)
 .glue_7        0x080028b4        0x0 linker stubs
 *(.glue_7t)
 .glue_7t       0x080028b4        0x0 linker stubs
 *(.eh_frame)
 .eh_frame      0x080028b4        0x0 d:/stm32/ac6/systemworkbench/plugins/fr.ac6.mcu.externaltools.arm-none.win32_1.16.0.201807130628/tools/compiler/bin/../lib/gcc/arm-none-eabi/7.2.1/thumb/v7-m/crtbegin.o
 *(.init)
 .init          0x080028b4        0x4 d:/stm32/ac6/systemworkbench/plugins/fr.ac6.mcu.externaltools.arm-none.win32_1.16.0.201807130628/tools/compiler/bin/../lib/gcc/arm-none-eabi/7.2.1/thumb/v7-m/crti.o
                0x080028b4                _init
 .init          0x080028b8        0x8 d:/stm32/ac6/systemworkbench/plugins/fr.ac6.mcu.externaltools.arm-none.win32_1.16.0.201807130628/tools/compiler/bin/../lib/gcc/arm-none-eabi/7.2.1/thumb/v7-m/crtn.o
 *(.fini)
 .fini          0x080028c0        0x4 d:/stm32/ac6/systemworkbench/plugins/fr.ac6.mcu.externaltools.arm-none.win32_1.16.0.201807130628/tools/compiler/bin/../lib/gcc/arm-none-eabi/7.2.1/thumb/v7-m/crti.o
                0x080028c0                _fini
 .fini          0x080028c4        0x8 d:/stm32/ac6/systemworkbench/plugins/fr.ac6.mcu.externaltools.arm-none.win32_1.16.0.201807130628/tools/compiler/bin/../lib/gcc/arm-none-eabi/7.2.1/thumb/v7-m/crtn.o
                0x080028cc                . = ALIGN (0x4)
                0x080028cc                _etext = .

.vfp11_veneer   0x080028cc        0x0
 .vfp11_veneer  0x080028cc        0x0 linker stubs

.v4_bx          0x080028cc        0x0
 .v4_bx         0x080028cc        0x0 linker stubs

.iplt           0x080028cc        0x0
 .iplt          0x080028cc        0x0 d:/stm32/ac6/systemworkbench/plugins/fr.ac6.mcu.externaltools.arm-none.win32_1.16.0.201807130628/tools/compiler/bin/../lib/gcc/arm-none-eabi/7.2.1/thumb/v7-m/crtbegin.o

.rodata         0x080028cc     0x172c
                0x080028cc                . = ALIGN (0x4)
 *(.rodata)
 .rodata        0x080028cc       0x12 Drivers/STM32F1xx_HAL_Driver/Src/stm32f1xx_hal_rcc.o
 *fill*         0x080028de        0x2 
 .rodata        0x080028e0      0x20c Src/aes.o
 .rodata        0x08002aec       0x20 Src/main.o
 .rodata        0x08002b0c      0x120 Src/sha-256.o
 .rodata        0x08002c2c       0x18 Src/system_stm32f1xx.o
                0x08002c2c                AHBPrescTable
                0x08002c3c                APBPrescTable
 *(.rodata*)
 .rodata.str1.4
                0x08002c44     0x13b4 Src/main.o
                               0x13b3 (size before relaxing)
                0x08003ff8                . = ALIGN (0x4)

.rel.dyn        0x08003ff8        0x0
 .rel.iplt      0x08003ff8        0x0 d:/stm32/ac6/systemworkbench/plugins/fr.ac6.mcu.externaltools.arm-none.win32_1.16.0.201807130628/tools/compiler/bin/../lib/gcc/arm-none-eabi/7.2.1/thumb/v7-m/crtbegin.o

.ARM.extab
 *(.ARM.extab* .gnu.linkonce.armextab.*)

.ARM            0x08003ff8        0x0
                0x08003ff8                __exidx_start = .
 *(.ARM.exidx*)
                0x08003ff8                __exidx_end = .

.preinit_array  0x08003ff8        0x0
                0x08003ff8                PROVIDE (__preinit_array_start, .)
 *(.preinit_array*)
                0x08003ff8                PROVIDE (__preinit_array_end, .)

.init_array     0x08003ff8        0x4
                0x08003ff8                PROVIDE (__init_array_start, .)
 *(SORT_BY_NAME(.init_array.*))
 *(.init_array*)
 .init_array    0x08003ff8        0x4 d:/stm32/ac6/systemworkbench/plugins/fr.ac6.mcu.externaltools.arm-none.win32_1.16.0.201807130628/tools/compiler/bin/../lib/gcc/arm-none-eabi/7.2.1/thumb/v7-m/crtbegin.o
                0x08003ffc                PROVIDE (__init_array_end, .)

.fini_array     0x08003ffc        0x4
                [!provide]                PROVIDE (__fini_array_start, .)
 *(SORT_BY_NAME(.fini_array.*))
 *(.fini_array*)
 .fini_array    0x08003ffc        0x4 d:/stm32/ac6/systemworkbench/plugins/fr.ac6.mcu.externaltools.arm-none.win32_1.16.0.201807130628/tools/compiler/bin/../lib/gcc/arm-none-eabi/7.2.1/thumb/v7-m/crtbegin.o
                [!provide]                PROVIDE (__fini_array_end, .)
                0x08004000                _sidata = LOADADDR (.data)

.data           0x20000000       0xb4 load address 0x08004000
                0x20000000                . = ALIGN (0x4)
                0x20000000                _sdata = .
 *(.data)
 .data          0x20000000        0x8 Drivers/STM32F1xx_HAL_Driver/Src/stm32f1xx_hal.o
                0x20000000                uwTickFreq
                0x20000004                uwTickPrio
 .data          0x20000008       0xa8 Src/main.o
                0x20000008                decodeFlagInRam_flagLVL2
                0x20000028                dataFlashPtr
                0x2000002c                checkPassword_enterPass
                0x20000044                generatePassword_menu
                0x20000098                generatePassword_done
 .data          0x200000b0        0x4 Src/system_stm32f1xx.o
                0x200000b0                SystemCoreClock
 *(.data*)
                0x200000b4                . = ALIGN (0x4)
                0x200000b4                _edata = .

.igot.plt       0x200000b4        0x0 load address 0x080040b4
 .igot.plt      0x200000b4        0x0 d:/stm32/ac6/systemworkbench/plugins/fr.ac6.mcu.externaltools.arm-none.win32_1.16.0.201807130628/tools/compiler/bin/../lib/gcc/arm-none-eabi/7.2.1/thumb/v7-m/crtbegin.o
                0x200000b4                . = ALIGN (0x4)

.bss            0x200000b8      0x3d8 load address 0x080040b4
                0x200000b8                _sbss = .
                0x200000b8                __bss_start__ = _sbss
 *(.bss)
 .bss           0x200000b8       0x1c d:/stm32/ac6/systemworkbench/plugins/fr.ac6.mcu.externaltools.arm-none.win32_1.16.0.201807130628/tools/compiler/bin/../lib/gcc/arm-none-eabi/7.2.1/thumb/v7-m/crtbegin.o
 .bss           0x200000d4       0x11 Src/main.o
                0x200000e4                generatePassword_pos
 *(.bss*)
 *(COMMON)
 *fill*         0x200000e5        0x3 
 COMMON         0x200000e8        0x4 Drivers/STM32F1xx_HAL_Driver/Src/stm32f1xx_hal.o
                0x200000e8                uwTick
 *fill*         0x200000ec        0x4 
 COMMON         0x200000f0       0x20 Drivers/STM32F1xx_HAL_Driver/Src/stm32f1xx_hal_flash.o
                0x200000f0                pFlash
 COMMON         0x20000110      0x380 Src/main.o
                0x20000110                ctx
                0x20000200                huart1
                0x20000240                checkPassword_passwdSHA2
                0x20000260                checkPassword_pos
                0x20000264                dataFlashMem
                0x20000490                . = ALIGN (0x4)
                0x20000490                _ebss = .
                0x20000490                __bss_end__ = _ebss

._user_heap_stack
                0x20000490      0x600 load address 0x080040b4
                0x20000490                . = ALIGN (0x8)
                [!provide]                PROVIDE (end, .)
                [!provide]                PROVIDE (_end, .)
                0x20000690                . = (. + _Min_Heap_Size)
 *fill*         0x20000490      0x200 
                0x20000a90                . = (. + _Min_Stack_Size)
 *fill*         0x20000690      0x400 
                0x20000a90                . = ALIGN (0x8)

/DISCARD/
 libc.a(*)
 libm.a(*)
 libgcc.a(*)

.ARM.attributes
                0x00000000       0x29
 *(.ARM.attributes)
 .ARM.attributes
                0x00000000       0x1d d:/stm32/ac6/systemworkbench/plugins/fr.ac6.mcu.externaltools.arm-none.win32_1.16.0.201807130628/tools/compiler/bin/../lib/gcc/arm-none-eabi/7.2.1/thumb/v7-m/crti.o
 .ARM.attributes
                0x0000001d       0x2d d:/stm32/ac6/systemworkbench/plugins/fr.ac6.mcu.externaltools.arm-none.win32_1.16.0.201807130628/tools/compiler/bin/../lib/gcc/arm-none-eabi/7.2.1/thumb/v7-m/crtbegin.o
 .ARM.attributes
                0x0000004a       0x33 Drivers/STM32F1xx_HAL_Driver/Src/stm32f1xx_hal.o
 .ARM.attributes
                0x0000007d       0x33 Drivers/STM32F1xx_HAL_Driver/Src/stm32f1xx_hal_cortex.o
 .ARM.attributes
                0x000000b0       0x33 Drivers/STM32F1xx_HAL_Driver/Src/stm32f1xx_hal_flash.o
 .ARM.attributes
                0x000000e3       0x33 Drivers/STM32F1xx_HAL_Driver/Src/stm32f1xx_hal_flash_ex.o
 .ARM.attributes
                0x00000116       0x33 Drivers/STM32F1xx_HAL_Driver/Src/stm32f1xx_hal_gpio.o
 .ARM.attributes
                0x00000149       0x33 Drivers/STM32F1xx_HAL_Driver/Src/stm32f1xx_hal_rcc.o
 .ARM.attributes
                0x0000017c       0x33 Drivers/STM32F1xx_HAL_Driver/Src/stm32f1xx_hal_uart.o
 .ARM.attributes
                0x000001af       0x33 Src/aes.o
 .ARM.attributes
                0x000001e2       0x33 Src/main.o
 .ARM.attributes
                0x00000215       0x33 Src/sha-256.o
 .ARM.attributes
                0x00000248       0x33 Src/stm32f1xx_hal_msp.o
 .ARM.attributes
                0x0000027b       0x33 Src/stm32f1xx_it.o
 .ARM.attributes
                0x000002ae       0x33 Src/system_stm32f1xx.o
 .ARM.attributes
                0x000002e1       0x21 startup/startup_stm32f103xb.o
 .ARM.attributes
                0x00000302       0x2d d:/stm32/ac6/systemworkbench/plugins/fr.ac6.mcu.externaltools.arm-none.win32_1.16.0.201807130628/tools/compiler/bin/../lib/gcc/arm-none-eabi/7.2.1/../../../../arm-none-eabi/lib/thumb/v7-m\libc_nano.a(lib_a-init.o)
 .ARM.attributes
                0x0000032f       0x2d d:/stm32/ac6/systemworkbench/plugins/fr.ac6.mcu.externaltools.arm-none.win32_1.16.0.201807130628/tools/compiler/bin/../lib/gcc/arm-none-eabi/7.2.1/../../../../arm-none-eabi/lib/thumb/v7-m\libc_nano.a(lib_a-memcmp.o)
 .ARM.attributes
                0x0000035c       0x2d d:/stm32/ac6/systemworkbench/plugins/fr.ac6.mcu.externaltools.arm-none.win32_1.16.0.201807130628/tools/compiler/bin/../lib/gcc/arm-none-eabi/7.2.1/../../../../arm-none-eabi/lib/thumb/v7-m\libc_nano.a(lib_a-memcpy-stub.o)
 .ARM.attributes
                0x00000389       0x2d d:/stm32/ac6/systemworkbench/plugins/fr.ac6.mcu.externaltools.arm-none.win32_1.16.0.201807130628/tools/compiler/bin/../lib/gcc/arm-none-eabi/7.2.1/../../../../arm-none-eabi/lib/thumb/v7-m\libc_nano.a(lib_a-memset.o)
 .ARM.attributes
                0x000003b6       0x17 d:/stm32/ac6/systemworkbench/plugins/fr.ac6.mcu.externaltools.arm-none.win32_1.16.0.201807130628/tools/compiler/bin/../lib/gcc/arm-none-eabi/7.2.1/../../../../arm-none-eabi/lib/thumb/v7-m\libc_nano.a(lib_a-strlen.o)
 .ARM.attributes
                0x000003cd       0x1d d:/stm32/ac6/systemworkbench/plugins/fr.ac6.mcu.externaltools.arm-none.win32_1.16.0.201807130628/tools/compiler/bin/../lib/gcc/arm-none-eabi/7.2.1/thumb/v7-m/crtn.o
OUTPUT(GH18-BluePill-01.elf elf32-littlearm)

.debug_info     0x00000000     0xf8f7
 .debug_info    0x00000000      0xf9f Drivers/STM32F1xx_HAL_Driver/Src/stm32f1xx_hal.o
 .debug_info    0x00000f9f     0x146e Drivers/STM32F1xx_HAL_Driver/Src/stm32f1xx_hal_cortex.o
 .debug_info    0x0000240d      0xeae Drivers/STM32F1xx_HAL_Driver/Src/stm32f1xx_hal_flash.o
 .debug_info    0x000032bb     0x129f Drivers/STM32F1xx_HAL_Driver/Src/stm32f1xx_hal_flash_ex.o
 .debug_info    0x0000455a      0xe80 Drivers/STM32F1xx_HAL_Driver/Src/stm32f1xx_hal_gpio.o
 .debug_info    0x000053da     0x11e8 Drivers/STM32F1xx_HAL_Driver/Src/stm32f1xx_hal_rcc.o
 .debug_info    0x000065c2     0x1e74 Drivers/STM32F1xx_HAL_Driver/Src/stm32f1xx_hal_uart.o
 .debug_info    0x00008436     0x1052 Src/aes.o
 .debug_info    0x00009488     0x2ec0 Src/main.o
 .debug_info    0x0000c348      0xcfd Src/sha-256.o
 .debug_info    0x0000d045     0x1285 Src/stm32f1xx_hal_msp.o
 .debug_info    0x0000e2ca      0x9fd Src/stm32f1xx_it.o
 .debug_info    0x0000ecc7      0xc0e Src/system_stm32f1xx.o
 .debug_info    0x0000f8d5       0x22 startup/startup_stm32f103xb.o

.debug_abbrev   0x00000000     0x2681
 .debug_abbrev  0x00000000      0x2f4 Drivers/STM32F1xx_HAL_Driver/Src/stm32f1xx_hal.o
 .debug_abbrev  0x000002f4      0x3cd Drivers/STM32F1xx_HAL_Driver/Src/stm32f1xx_hal_cortex.o
 .debug_abbrev  0x000006c1      0x31a Drivers/STM32F1xx_HAL_Driver/Src/stm32f1xx_hal_flash.o
 .debug_abbrev  0x000009db      0x2f8 Drivers/STM32F1xx_HAL_Driver/Src/stm32f1xx_hal_flash_ex.o
 .debug_abbrev  0x00000cd3      0x2a7 Drivers/STM32F1xx_HAL_Driver/Src/stm32f1xx_hal_gpio.o
 .debug_abbrev  0x00000f7a      0x335 Drivers/STM32F1xx_HAL_Driver/Src/stm32f1xx_hal_rcc.o
 .debug_abbrev  0x000012af      0x308 Drivers/STM32F1xx_HAL_Driver/Src/stm32f1xx_hal_uart.o
 .debug_abbrev  0x000015b7      0x2cb Src/aes.o
 .debug_abbrev  0x00001882      0x4ac Src/main.o
 .debug_abbrev  0x00001d2e      0x2de Src/sha-256.o
 .debug_abbrev  0x0000200c      0x254 Src/stm32f1xx_hal_msp.o
 .debug_abbrev  0x00002260      0x1e7 Src/stm32f1xx_it.o
 .debug_abbrev  0x00002447      0x228 Src/system_stm32f1xx.o
 .debug_abbrev  0x0000266f       0x12 startup/startup_stm32f103xb.o

.debug_loc      0x00000000     0x43b4
 .debug_loc     0x00000000       0xfd Drivers/STM32F1xx_HAL_Driver/Src/stm32f1xx_hal.o
 .debug_loc     0x000000fd      0x5ad Drivers/STM32F1xx_HAL_Driver/Src/stm32f1xx_hal_cortex.o
 .debug_loc     0x000006aa      0x337 Drivers/STM32F1xx_HAL_Driver/Src/stm32f1xx_hal_flash.o
 .debug_loc     0x000009e1      0x859 Drivers/STM32F1xx_HAL_Driver/Src/stm32f1xx_hal_flash_ex.o
 .debug_loc     0x0000123a      0x44e Drivers/STM32F1xx_HAL_Driver/Src/stm32f1xx_hal_gpio.o
 .debug_loc     0x00001688      0x4f6 Drivers/STM32F1xx_HAL_Driver/Src/stm32f1xx_hal_rcc.o
 .debug_loc     0x00001b7e     0x1529 Drivers/STM32F1xx_HAL_Driver/Src/stm32f1xx_hal_uart.o
 .debug_loc     0x000030a7      0x5e1 Src/aes.o
 .debug_loc     0x00003688      0x693 Src/main.o
 .debug_loc     0x00003d1b      0x55f Src/sha-256.o
 .debug_loc     0x0000427a       0x5b Src/stm32f1xx_hal_msp.o
 .debug_loc     0x000042d5       0xdf Src/system_stm32f1xx.o

.debug_aranges  0x00000000      0x7c8
 .debug_aranges
                0x00000000       0xd0 Drivers/STM32F1xx_HAL_Driver/Src/stm32f1xx_hal.o
 .debug_aranges
                0x000000d0       0x90 Drivers/STM32F1xx_HAL_Driver/Src/stm32f1xx_hal_cortex.o
 .debug_aranges
                0x00000160       0x88 Drivers/STM32F1xx_HAL_Driver/Src/stm32f1xx_hal_flash.o
 .debug_aranges
                0x000001e8       0x98 Drivers/STM32F1xx_HAL_Driver/Src/stm32f1xx_hal_flash_ex.o
 .debug_aranges
                0x00000280       0x58 Drivers/STM32F1xx_HAL_Driver/Src/stm32f1xx_hal_gpio.o
 .debug_aranges
                0x000002d8       0x90 Drivers/STM32F1xx_HAL_Driver/Src/stm32f1xx_hal_rcc.o
 .debug_aranges
                0x00000368      0x1d0 Drivers/STM32F1xx_HAL_Driver/Src/stm32f1xx_hal_uart.o
 .debug_aranges
                0x00000538       0x88 Src/aes.o
 .debug_aranges
                0x000005c0       0xf8 Src/main.o
 .debug_aranges
                0x000006b8       0x30 Src/sha-256.o
 .debug_aranges
                0x000006e8       0x30 Src/stm32f1xx_hal_msp.o
 .debug_aranges
                0x00000718       0x60 Src/stm32f1xx_it.o
 .debug_aranges
                0x00000778       0x28 Src/system_stm32f1xx.o
 .debug_aranges
                0x000007a0       0x28 startup/startup_stm32f103xb.o

.debug_ranges   0x00000000      0x7b8
 .debug_ranges  0x00000000       0xc0 Drivers/STM32F1xx_HAL_Driver/Src/stm32f1xx_hal.o
 .debug_ranges  0x000000c0       0xe0 Drivers/STM32F1xx_HAL_Driver/Src/stm32f1xx_hal_cortex.o
 .debug_ranges  0x000001a0       0x78 Drivers/STM32F1xx_HAL_Driver/Src/stm32f1xx_hal_flash.o
 .debug_ranges  0x00000218       0x88 Drivers/STM32F1xx_HAL_Driver/Src/stm32f1xx_hal_flash_ex.o
 .debug_ranges  0x000002a0       0x48 Drivers/STM32F1xx_HAL_Driver/Src/stm32f1xx_hal_gpio.o
 .debug_ranges  0x000002e8       0xa0 Drivers/STM32F1xx_HAL_Driver/Src/stm32f1xx_hal_rcc.o
 .debug_ranges  0x00000388      0x1c0 Drivers/STM32F1xx_HAL_Driver/Src/stm32f1xx_hal_uart.o
 .debug_ranges  0x00000548       0x78 Src/aes.o
 .debug_ranges  0x000005c0      0x100 Src/main.o
 .debug_ranges  0x000006c0       0x50 Src/sha-256.o
 .debug_ranges  0x00000710       0x20 Src/stm32f1xx_hal_msp.o
 .debug_ranges  0x00000730       0x50 Src/stm32f1xx_it.o
 .debug_ranges  0x00000780       0x18 Src/system_stm32f1xx.o
 .debug_ranges  0x00000798       0x20 startup/startup_stm32f103xb.o

.debug_macro    0x00000000    0x147cd
 .debug_macro   0x00000000      0x29c Drivers/STM32F1xx_HAL_Driver/Src/stm32f1xx_hal.o
 .debug_macro   0x0000029c      0xa5a Drivers/STM32F1xx_HAL_Driver/Src/stm32f1xx_hal.o
 .debug_macro   0x00000cf6       0x10 Drivers/STM32F1xx_HAL_Driver/Src/stm32f1xx_hal.o
 .debug_macro   0x00000d06      0x163 Drivers/STM32F1xx_HAL_Driver/Src/stm32f1xx_hal.o
 .debug_macro   0x00000e69       0x2e Drivers/STM32F1xx_HAL_Driver/Src/stm32f1xx_hal.o
 .debug_macro   0x00000e97       0x22 Drivers/STM32F1xx_HAL_Driver/Src/stm32f1xx_hal.o
 .debug_macro   0x00000eb9       0x22 Drivers/STM32F1xx_HAL_Driver/Src/stm32f1xx_hal.o
 .debug_macro   0x00000edb       0x4f Drivers/STM32F1xx_HAL_Driver/Src/stm32f1xx_hal.o
 .debug_macro   0x00000f2a       0x51 Drivers/STM32F1xx_HAL_Driver/Src/stm32f1xx_hal.o
 .debug_macro   0x00000f7b       0xef Drivers/STM32F1xx_HAL_Driver/Src/stm32f1xx_hal.o
 .debug_macro   0x0000106a       0x6a Drivers/STM32F1xx_HAL_Driver/Src/stm32f1xx_hal.o
 .debug_macro   0x000010d4      0x1df Drivers/STM32F1xx_HAL_Driver/Src/stm32f1xx_hal.o
 .debug_macro   0x000012b3       0x34 Drivers/STM32F1xx_HAL_Driver/Src/stm32f1xx_hal.o
 .debug_macro   0x000012e7       0x34 Drivers/STM32F1xx_HAL_Driver/Src/stm32f1xx_hal.o
 .debug_macro   0x0000131b      0xb8e Drivers/STM32F1xx_HAL_Driver/Src/stm32f1xx_hal.o
 .debug_macro   0x00001ea9     0xe90a Drivers/STM32F1xx_HAL_Driver/Src/stm32f1xx_hal.o
 .debug_macro   0x000107b3       0x43 Drivers/STM32F1xx_HAL_Driver/Src/stm32f1xx_hal.o
 .debug_macro   0x000107f6       0x58 Drivers/STM32F1xx_HAL_Driver/Src/stm32f1xx_hal.o
 .debug_macro   0x0001084e       0x17 Drivers/STM32F1xx_HAL_Driver/Src/stm32f1xx_hal.o
 .debug_macro   0x00010865       0x35 Drivers/STM32F1xx_HAL_Driver/Src/stm32f1xx_hal.o
 .debug_macro   0x0001089a       0x9c Drivers/STM32F1xx_HAL_Driver/Src/stm32f1xx_hal.o
 .debug_macro   0x00010936       0x16 Drivers/STM32F1xx_HAL_Driver/Src/stm32f1xx_hal.o
 .debug_macro   0x0001094c       0x97 Drivers/STM32F1xx_HAL_Driver/Src/stm32f1xx_hal.o
 .debug_macro   0x000109e3      0x353 Drivers/STM32F1xx_HAL_Driver/Src/stm32f1xx_hal.o
 .debug_macro   0x00010d36       0xf6 Drivers/STM32F1xx_HAL_Driver/Src/stm32f1xx_hal.o
 .debug_macro   0x00010e2c       0x10 Drivers/STM32F1xx_HAL_Driver/Src/stm32f1xx_hal.o
 .debug_macro   0x00010e3c       0x58 Drivers/STM32F1xx_HAL_Driver/Src/stm32f1xx_hal.o
 .debug_macro   0x00010e94       0x1f Drivers/STM32F1xx_HAL_Driver/Src/stm32f1xx_hal.o
 .debug_macro   0x00010eb3       0x43 Drivers/STM32F1xx_HAL_Driver/Src/stm32f1xx_hal.o
 .debug_macro   0x00010ef6       0x20 Drivers/STM32F1xx_HAL_Driver/Src/stm32f1xx_hal.o
 .debug_macro   0x00010f16      0x18e Drivers/STM32F1xx_HAL_Driver/Src/stm32f1xx_hal.o
 .debug_macro   0x000110a4       0x10 Drivers/STM32F1xx_HAL_Driver/Src/stm32f1xx_hal.o
 .debug_macro   0x000110b4       0xb6 Drivers/STM32F1xx_HAL_Driver/Src/stm32f1xx_hal.o
 .debug_macro   0x0001116a       0x16 Drivers/STM32F1xx_HAL_Driver/Src/stm32f1xx_hal.o
 .debug_macro   0x00011180      0x129 Drivers/STM32F1xx_HAL_Driver/Src/stm32f1xx_hal.o
 .debug_macro   0x000112a9       0x50 Drivers/STM32F1xx_HAL_Driver/Src/stm32f1xx_hal.o
 .debug_macro   0x000112f9      0x5c2 Drivers/STM32F1xx_HAL_Driver/Src/stm32f1xx_hal.o
 .debug_macro   0x000118bb      0x28a Drivers/STM32F1xx_HAL_Driver/Src/stm32f1xx_hal.o
 .debug_macro   0x00011b45      0x1cb Drivers/STM32F1xx_HAL_Driver/Src/stm32f1xx_hal.o
 .debug_macro   0x00011d10      0x11e Drivers/STM32F1xx_HAL_Driver/Src/stm32f1xx_hal.o
 .debug_macro   0x00011e2e      0x1b3 Drivers/STM32F1xx_HAL_Driver/Src/stm32f1xx_hal.o
 .debug_macro   0x00011fe1       0x27 Drivers/STM32F1xx_HAL_Driver/Src/stm32f1xx_hal.o
 .debug_macro   0x00012008      0x1bc Drivers/STM32F1xx_HAL_Driver/Src/stm32f1xx_hal.o
 .debug_macro   0x000121c4       0x34 Drivers/STM32F1xx_HAL_Driver/Src/stm32f1xx_hal.o
 .debug_macro   0x000121f8       0x3c Drivers/STM32F1xx_HAL_Driver/Src/stm32f1xx_hal.o
 .debug_macro   0x00012234       0x57 Drivers/STM32F1xx_HAL_Driver/Src/stm32f1xx_hal.o
 .debug_macro   0x0001228b       0x8c Drivers/STM32F1xx_HAL_Driver/Src/stm32f1xx_hal.o
 .debug_macro   0x00012317      0x242 Drivers/STM32F1xx_HAL_Driver/Src/stm32f1xx_hal.o
 .debug_macro   0x00012559      0x143 Drivers/STM32F1xx_HAL_Driver/Src/stm32f1xx_hal.o
 .debug_macro   0x0001269c      0x26b Drivers/STM32F1xx_HAL_Driver/Src/stm32f1xx_hal.o
 .debug_macro   0x00012907       0x83 Drivers/STM32F1xx_HAL_Driver/Src/stm32f1xx_hal.o
 .debug_macro   0x0001298a      0x278 Drivers/STM32F1xx_HAL_Driver/Src/stm32f1xx_hal_cortex.o
 .debug_macro   0x00012c02      0x278 Drivers/STM32F1xx_HAL_Driver/Src/stm32f1xx_hal_flash.o
 .debug_macro   0x00012e7a      0x28a Drivers/STM32F1xx_HAL_Driver/Src/stm32f1xx_hal_flash_ex.o
 .debug_macro   0x00013104      0x2e8 Drivers/STM32F1xx_HAL_Driver/Src/stm32f1xx_hal_gpio.o
 .debug_macro   0x000133ec      0x28a Drivers/STM32F1xx_HAL_Driver/Src/stm32f1xx_hal_rcc.o
 .debug_macro   0x00013676      0x279 Drivers/STM32F1xx_HAL_Driver/Src/stm32f1xx_hal_uart.o
 .debug_macro   0x000138ef      0x14c Src/aes.o
 .debug_macro   0x00013a3b      0x16d Src/aes.o
 .debug_macro   0x00013ba8       0x10 Src/aes.o
 .debug_macro   0x00013bb8       0x35 Src/aes.o
 .debug_macro   0x00013bed       0x34 Src/aes.o
 .debug_macro   0x00013c21      0x2dc Src/main.o
 .debug_macro   0x00013efd       0x16 Src/main.o
 .debug_macro   0x00013f13       0x22 Src/main.o
 .debug_macro   0x00013f35      0x120 Src/sha-256.o
 .debug_macro   0x00014055      0x278 Src/stm32f1xx_hal_msp.o
 .debug_macro   0x000142cd      0x282 Src/stm32f1xx_it.o
 .debug_macro   0x0001454f      0x27e Src/system_stm32f1xx.o

.debug_line     0x00000000     0x6f8c
 .debug_line    0x00000000      0x851 Drivers/STM32F1xx_HAL_Driver/Src/stm32f1xx_hal.o
 .debug_line    0x00000851      0x869 Drivers/STM32F1xx_HAL_Driver/Src/stm32f1xx_hal_cortex.o
 .debug_line    0x000010ba      0x89d Drivers/STM32F1xx_HAL_Driver/Src/stm32f1xx_hal_flash.o
 .debug_line    0x00001957      0x92e Drivers/STM32F1xx_HAL_Driver/Src/stm32f1xx_hal_flash_ex.o
 .debug_line    0x00002285      0x84e Drivers/STM32F1xx_HAL_Driver/Src/stm32f1xx_hal_gpio.o
 .debug_line    0x00002ad3      0x96b Drivers/STM32F1xx_HAL_Driver/Src/stm32f1xx_hal_rcc.o
 .debug_line    0x0000343e      0xf82 Drivers/STM32F1xx_HAL_Driver/Src/stm32f1xx_hal_uart.o
 .debug_line    0x000043c0      0x615 Src/aes.o
 .debug_line    0x000049d5      0xb34 Src/main.o
 .debug_line    0x00005509      0x547 Src/sha-256.o
 .debug_line    0x00005a50      0x6d0 Src/stm32f1xx_hal_msp.o
 .debug_line    0x00006120      0x721 Src/stm32f1xx_it.o
 .debug_line    0x00006841      0x6ce Src/system_stm32f1xx.o
 .debug_line    0x00006f0f       0x7d startup/startup_stm32f103xb.o

.debug_str      0x00000000    0x6ad55
 .debug_str     0x00000000    0x68b58 Drivers/STM32F1xx_HAL_Driver/Src/stm32f1xx_hal.o
                              0x68ed3 (size before relaxing)
 .debug_str     0x00068b58      0x2e1 Drivers/STM32F1xx_HAL_Driver/Src/stm32f1xx_hal_cortex.o
                              0x68e28 (size before relaxing)
 .debug_str     0x00068e39      0x2c9 Drivers/STM32F1xx_HAL_Driver/Src/stm32f1xx_hal_flash.o
                              0x68aac (size before relaxing)
 .debug_str     0x00069102      0x361 Drivers/STM32F1xx_HAL_Driver/Src/stm32f1xx_hal_flash_ex.o
                              0x68c5a (size before relaxing)
 .debug_str     0x00069463      0x3a5 Drivers/STM32F1xx_HAL_Driver/Src/stm32f1xx_hal_gpio.o
                              0x68b6f (size before relaxing)
 .debug_str     0x00069808      0x368 Drivers/STM32F1xx_HAL_Driver/Src/stm32f1xx_hal_rcc.o
                              0x68bc4 (size before relaxing)
 .debug_str     0x00069b70      0x88c Drivers/STM32F1xx_HAL_Driver/Src/stm32f1xx_hal_uart.o
                              0x690dd (size before relaxing)
 .debug_str     0x0006a3fc      0x226 Src/aes.o
                               0x6e04 (size before relaxing)
 .debug_str     0x0006a622      0x515 Src/main.o
                              0x69700 (size before relaxing)
 .debug_str     0x0006ab37       0xb2 Src/sha-256.o
                               0x6cd2 (size before relaxing)
 .debug_str     0x0006abe9       0x1b Src/stm32f1xx_hal_msp.o
                              0x68ec1 (size before relaxing)
 .debug_str     0x0006ac04       0xb8 Src/stm32f1xx_it.o
                              0x687e9 (size before relaxing)
 .debug_str     0x0006acbc       0x69 Src/system_stm32f1xx.o
                              0x6881a (size before relaxing)
 .debug_str     0x0006ad25       0x30 startup/startup_stm32f103xb.o
                                 0x62 (size before relaxing)

.comment        0x00000000       0x7e
 .comment       0x00000000       0x7e Drivers/STM32F1xx_HAL_Driver/Src/stm32f1xx_hal.o
                                 0x7f (size before relaxing)
 .comment       0x0000007e       0x7f Drivers/STM32F1xx_HAL_Driver/Src/stm32f1xx_hal_cortex.o
 .comment       0x0000007e       0x7f Drivers/STM32F1xx_HAL_Driver/Src/stm32f1xx_hal_flash.o
 .comment       0x0000007e       0x7f Drivers/STM32F1xx_HAL_Driver/Src/stm32f1xx_hal_flash_ex.o
 .comment       0x0000007e       0x7f Drivers/STM32F1xx_HAL_Driver/Src/stm32f1xx_hal_gpio.o
 .comment       0x0000007e       0x7f Drivers/STM32F1xx_HAL_Driver/Src/stm32f1xx_hal_rcc.o
 .comment       0x0000007e       0x7f Drivers/STM32F1xx_HAL_Driver/Src/stm32f1xx_hal_uart.o
 .comment       0x0000007e       0x7f Src/aes.o
 .comment       0x0000007e       0x7f Src/main.o
 .comment       0x0000007e       0x7f Src/sha-256.o
 .comment       0x0000007e       0x7f Src/stm32f1xx_hal_msp.o
 .comment       0x0000007e       0x7f Src/stm32f1xx_it.o
 .comment       0x0000007e       0x7f Src/system_stm32f1xx.o

.debug_frame    0x00000000     0x13fc
 .debug_frame   0x00000000      0x1ac Drivers/STM32F1xx_HAL_Driver/Src/stm32f1xx_hal.o
 .debug_frame   0x000001ac      0x12c Drivers/STM32F1xx_HAL_Driver/Src/stm32f1xx_hal_cortex.o
 .debug_frame   0x000002d8      0x134 Drivers/STM32F1xx_HAL_Driver/Src/stm32f1xx_hal_flash.o
 .debug_frame   0x0000040c      0x194 Drivers/STM32F1xx_HAL_Driver/Src/stm32f1xx_hal_flash_ex.o
 .debug_frame   0x000005a0       0xd4 Drivers/STM32F1xx_HAL_Driver/Src/stm32f1xx_hal_gpio.o
 .debug_frame   0x00000674      0x174 Drivers/STM32F1xx_HAL_Driver/Src/stm32f1xx_hal_rcc.o
 .debug_frame   0x000007e8      0x4f0 Drivers/STM32F1xx_HAL_Driver/Src/stm32f1xx_hal_uart.o
 .debug_frame   0x00000cd8      0x198 Src/aes.o
 .debug_frame   0x00000e70      0x344 Src/main.o
 .debug_frame   0x000011b4       0x6c Src/sha-256.o
 .debug_frame   0x00001220       0x64 Src/stm32f1xx_hal_msp.o
 .debug_frame   0x00001284       0xa8 Src/stm32f1xx_it.o
 .debug_frame   0x0000132c       0x30 Src/system_stm32f1xx.o
 .debug_frame   0x0000135c       0x2c d:/stm32/ac6/systemworkbench/plugins/fr.ac6.mcu.externaltools.arm-none.win32_1.16.0.201807130628/tools/compiler/bin/../lib/gcc/arm-none-eabi/7.2.1/../../../../arm-none-eabi/lib/thumb/v7-m\libc_nano.a(lib_a-init.o)
 .debug_frame   0x00001388       0x2c d:/stm32/ac6/systemworkbench/plugins/fr.ac6.mcu.externaltools.arm-none.win32_1.16.0.201807130628/tools/compiler/bin/../lib/gcc/arm-none-eabi/7.2.1/../../../../arm-none-eabi/lib/thumb/v7-m\libc_nano.a(lib_a-memcmp.o)
 .debug_frame   0x000013b4       0x28 d:/stm32/ac6/systemworkbench/plugins/fr.ac6.mcu.externaltools.arm-none.win32_1.16.0.201807130628/tools/compiler/bin/../lib/gcc/arm-none-eabi/7.2.1/../../../../arm-none-eabi/lib/thumb/v7-m\libc_nano.a(lib_a-memcpy-stub.o)
 .debug_frame   0x000013dc       0x20 d:/stm32/ac6/systemworkbench/plugins/fr.ac6.mcu.externaltools.arm-none.win32_1.16.0.201807130628/tools/compiler/bin/../lib/gcc/arm-none-eabi/7.2.1/../../../../arm-none-eabi/lib/thumb/v7-m\libc_nano.a(lib_a-memset.o)
